<?xml version="1.0" encoding="ISO-8859-1" ?>
<link_info>
   <banner>TI ARM Linker PC v18.1.4.LTS</banner>
   <copyright>Copyright (c) 1996-2018 Texas Instruments Incorporated</copyright>
   <link_time>0x5cbf2c35</link_time>
   <link_errors>0x0</link_errors>
   <output_file>FINAL PROJECT - CRACK THE CODE GAME.out</output_file>
   <entry_point>
      <name>_c_int00_noargs</name>
      <address>0x3b09</address>
   </entry_point>
   <input_file_list>
      <input_file id="fl-2">
         <path>.\</path>
         <kind>object</kind>
         <file>main(6).obj</file>
         <name>main(6).obj</name>
      </input_file>
      <input_file id="fl-3">
         <path>.\</path>
         <kind>object</kind>
         <file>pwmbuzzer.obj</file>
         <name>pwmbuzzer.obj</name>
      </input_file>
      <input_file id="fl-4">
         <path>.\</path>
         <kind>object</kind>
         <file>pwmbuzzer_asm.obj</file>
         <name>pwmbuzzer_asm.obj</name>
      </input_file>
      <input_file id="fl-5">
         <path>.\</path>
         <kind>object</kind>
         <file>ras.obj</file>
         <name>ras.obj</name>
      </input_file>
      <input_file id="fl-6">
         <path>.\</path>
         <kind>object</kind>
         <file>ras_asm.obj</file>
         <name>ras_asm.obj</name>
      </input_file>
      <input_file id="fl-7">
         <path>.\</path>
         <kind>object</kind>
         <file>seg7(1).obj</file>
         <name>seg7(1).obj</name>
      </input_file>
      <input_file id="fl-8">
         <path>.\</path>
         <kind>object</kind>
         <file>seg7(2).obj</file>
         <name>seg7(2).obj</name>
      </input_file>
      <input_file id="fl-9">
         <path>.\</path>
         <kind>object</kind>
         <file>seg7digit_2_asm.obj</file>
         <name>seg7digit_2_asm.obj</name>
      </input_file>
      <input_file id="fl-a">
         <path>.\</path>
         <kind>object</kind>
         <file>sig7digit.obj</file>
         <name>sig7digit.obj</name>
      </input_file>
      <input_file id="fl-b">
         <path>.\</path>
         <kind>object</kind>
         <file>tm4c123gh6pm_startup_ccs.obj</file>
         <name>tm4c123gh6pm_startup_ccs.obj</name>
      </input_file>
      <input_file id="fl-11">
         <kind>object</kind>
         <file>&lt;internal&gt;</file>
         <name>&lt;internal&gt;</name>
      </input_file>
      <input_file id="fl-c7">
         <path>C:\ti\ccsv8\tools\compiler\ti-cgt-arm_18.1.4.LTS\lib\</path>
         <kind>archive</kind>
         <file>rtsv7M4_T_le_v4SPD16_eabi.lib</file>
         <name>i_divt2.asm.obj</name>
      </input_file>
      <input_file id="fl-c8">
         <path>C:\ti\ccsv8\tools\compiler\ti-cgt-arm_18.1.4.LTS\lib\</path>
         <kind>archive</kind>
         <file>rtsv7M4_T_le_v4SPD16_eabi.lib</file>
         <name>copy_zero_init.c.obj</name>
      </input_file>
      <input_file id="fl-c9">
         <path>C:\ti\ccsv8\tools\compiler\ti-cgt-arm_18.1.4.LTS\lib\</path>
         <kind>archive</kind>
         <file>rtsv7M4_T_le_v4SPD16_eabi.lib</file>
         <name>copy_decompress_none.c.obj</name>
      </input_file>
      <input_file id="fl-ca">
         <path>C:\ti\ccsv8\tools\compiler\ti-cgt-arm_18.1.4.LTS\lib\</path>
         <kind>archive</kind>
         <file>rtsv7M4_T_le_v4SPD16_eabi.lib</file>
         <name>copy_decompress_lzss.c.obj</name>
      </input_file>
      <input_file id="fl-cb">
         <path>C:\ti\ccsv8\tools\compiler\ti-cgt-arm_18.1.4.LTS\lib\</path>
         <kind>archive</kind>
         <file>rtsv7M4_T_le_v4SPD16_eabi.lib</file>
         <name>boot_cortex_m.c.obj</name>
      </input_file>
      <input_file id="fl-cc">
         <path>C:\ti\ccsv8\tools\compiler\ti-cgt-arm_18.1.4.LTS\lib\</path>
         <kind>archive</kind>
         <file>rtsv7M4_T_le_v4SPD16_eabi.lib</file>
         <name>exit.c.obj</name>
      </input_file>
      <input_file id="fl-cd">
         <path>C:\ti\ccsv8\tools\compiler\ti-cgt-arm_18.1.4.LTS\lib\</path>
         <kind>archive</kind>
         <file>rtsv7M4_T_le_v4SPD16_eabi.lib</file>
         <name>_lock.c.obj</name>
      </input_file>
      <input_file id="fl-ce">
         <path>C:\ti\ccsv8\tools\compiler\ti-cgt-arm_18.1.4.LTS\lib\</path>
         <kind>archive</kind>
         <file>rtsv7M4_T_le_v4SPD16_eabi.lib</file>
         <name>args_main.c.obj</name>
      </input_file>
      <input_file id="fl-cf">
         <path>C:\ti\ccsv8\tools\compiler\ti-cgt-arm_18.1.4.LTS\lib\</path>
         <kind>archive</kind>
         <file>rtsv7M4_T_le_v4SPD16_eabi.lib</file>
         <name>rand.c.obj</name>
      </input_file>
      <input_file id="fl-d0">
         <path>C:\ti\ccsv8\tools\compiler\ti-cgt-arm_18.1.4.LTS\lib\</path>
         <kind>archive</kind>
         <file>rtsv7M4_T_le_v4SPD16_eabi.lib</file>
         <name>time.c.obj</name>
      </input_file>
      <input_file id="fl-d1">
         <path>C:\ti\ccsv8\tools\compiler\ti-cgt-arm_18.1.4.LTS\lib\</path>
         <kind>archive</kind>
         <file>rtsv7M4_T_le_v4SPD16_eabi.lib</file>
         <name>hosttime.c.obj</name>
      </input_file>
      <input_file id="fl-d2">
         <path>C:\ti\ccsv8\tools\compiler\ti-cgt-arm_18.1.4.LTS\lib\</path>
         <kind>archive</kind>
         <file>rtsv7M4_T_le_v4SPD16_eabi.lib</file>
         <name>trgmsg.c.obj</name>
      </input_file>
      <input_file id="fl-d3">
         <path>C:\ti\ccsv8\tools\compiler\ti-cgt-arm_18.1.4.LTS\lib\</path>
         <kind>archive</kind>
         <file>rtsv7M4_T_le_v4SPD16_eabi.lib</file>
         <name>div0.asm.obj</name>
      </input_file>
      <input_file id="fl-d4">
         <path>C:\ti\ccsv8\tools\compiler\ti-cgt-arm_18.1.4.LTS\lib\</path>
         <kind>archive</kind>
         <file>rtsv7M4_T_le_v4SPD16_eabi.lib</file>
         <name>memcpy_t2.asm.obj</name>
      </input_file>
      <input_file id="fl-d5">
         <path>C:\ti\ccsv8\tools\compiler\ti-cgt-arm_18.1.4.LTS\lib\</path>
         <kind>archive</kind>
         <file>rtsv7M4_T_le_v4SPD16_eabi.lib</file>
         <name>memset_t2.asm.obj</name>
      </input_file>
      <input_file id="fl-d6">
         <path>C:\ti\ccsv8\tools\compiler\ti-cgt-arm_18.1.4.LTS\lib\</path>
         <kind>archive</kind>
         <file>rtsv7M4_T_le_v4SPD16_eabi.lib</file>
         <name>autoinit.c.obj</name>
      </input_file>
      <input_file id="fl-d7">
         <path>C:\ti\ccsv8\tools\compiler\ti-cgt-arm_18.1.4.LTS\lib\</path>
         <kind>archive</kind>
         <file>rtsv7M4_T_le_v4SPD16_eabi.lib</file>
         <name>pre_init.c.obj</name>
      </input_file>
      <input_file id="fl-d8">
         <path>C:\ti\ccsv8\tools\compiler\ti-cgt-arm_18.1.4.LTS\lib\</path>
         <kind>archive</kind>
         <file>rtsv7M4_T_le_v4SPD16_eabi.lib</file>
         <name>cpy_tbl.c.obj</name>
      </input_file>
      <input_file id="fl-d9">
         <path>C:\ti\ccsv8\tools\compiler\ti-cgt-arm_18.1.4.LTS\lib\</path>
         <kind>archive</kind>
         <file>rtsv7M4_T_le_v4SPD16_eabi.lib</file>
         <name>hostopen.c.obj</name>
      </input_file>
      <input_file id="fl-da">
         <path>C:\ti\ccsv8\tools\compiler\ti-cgt-arm_18.1.4.LTS\lib\</path>
         <kind>archive</kind>
         <file>rtsv7M4_T_le_v4SPD16_eabi.lib</file>
         <name>strlen.c.obj</name>
      </input_file>
      <input_file id="fl-db">
         <path>C:\ti\TivaWare_C_Series-2.1.4.178\driverlib\ccs\Debug\</path>
         <kind>archive</kind>
         <file>driverlib.lib</file>
         <name>adc.obj</name>
      </input_file>
      <input_file id="fl-dc">
         <path>C:\ti\TivaWare_C_Series-2.1.4.178\driverlib\ccs\Debug\</path>
         <kind>archive</kind>
         <file>driverlib.lib</file>
         <name>gpio.obj</name>
      </input_file>
      <input_file id="fl-dd">
         <path>C:\ti\TivaWare_C_Series-2.1.4.178\driverlib\ccs\Debug\</path>
         <kind>archive</kind>
         <file>driverlib.lib</file>
         <name>interrupt.obj</name>
      </input_file>
      <input_file id="fl-de">
         <path>C:\ti\TivaWare_C_Series-2.1.4.178\driverlib\ccs\Debug\</path>
         <kind>archive</kind>
         <file>driverlib.lib</file>
         <name>sysctl.obj</name>
      </input_file>
      <input_file id="fl-df">
         <path>C:\ti\TivaWare_C_Series-2.1.4.178\driverlib\ccs\Debug\</path>
         <kind>archive</kind>
         <file>driverlib.lib</file>
         <name>timer.obj</name>
      </input_file>
      <input_file id="fl-e0">
         <path>C:\ti\TivaWare_C_Series-2.1.4.178\driverlib\ccs\Debug\</path>
         <kind>archive</kind>
         <file>driverlib.lib</file>
         <name>cpu.obj</name>
      </input_file>
      <input_file id="fl-e1">
         <path>C:\Users\hazar\Desktop\LAB 1 ECE 266\Util\Debug\</path>
         <kind>archive</kind>
         <file>Util.lib</file>
         <name>launchpad.obj</name>
      </input_file>
      <input_file id="fl-e2">
         <path>C:\Users\hazar\Desktop\LAB 1 ECE 266\Util\Debug\</path>
         <kind>archive</kind>
         <file>Util.lib</file>
         <name>led.obj</name>
      </input_file>
      <input_file id="fl-e3">
         <path>C:\Users\hazar\Desktop\LAB 1 ECE 266\Util\Debug\</path>
         <kind>archive</kind>
         <file>Util.lib</file>
         <name>pushbutton.obj</name>
      </input_file>
      <input_file id="fl-e4">
         <path>C:\Users\hazar\Desktop\LAB 1 ECE 266\Util\Debug\</path>
         <kind>archive</kind>
         <file>Util.lib</file>
         <name>uart.obj</name>
      </input_file>
      <input_file id="fl-e5">
         <path>C:\ti\ccsv8\tools\compiler\ti-cgt-arm_18.1.4.LTS\lib\</path>
         <kind>archive</kind>
         <file>rtsv7M4_T_le_v4SPD16_eabi.lib</file>
         <name>ull_div_t2.asm.obj</name>
      </input_file>
      <input_file id="fl-e6">
         <path>C:\ti\ccsv8\tools\compiler\ti-cgt-arm_18.1.4.LTS\lib\</path>
         <kind>archive</kind>
         <file>rtsv7M4_T_le_v4SPD16_eabi.lib</file>
         <name>vsnprintf.c.obj</name>
      </input_file>
      <input_file id="fl-e7">
         <path>C:\ti\ccsv8\tools\compiler\ti-cgt-arm_18.1.4.LTS\lib\</path>
         <kind>archive</kind>
         <file>rtsv7M4_T_le_v4SPD16_eabi.lib</file>
         <name>_printfi.c.obj</name>
      </input_file>
      <input_file id="fl-e8">
         <path>C:\ti\ccsv8\tools\compiler\ti-cgt-arm_18.1.4.LTS\lib\</path>
         <kind>archive</kind>
         <file>rtsv7M4_T_le_v4SPD16_eabi.lib</file>
         <name>atoi.c.obj</name>
      </input_file>
      <input_file id="fl-e9">
         <path>C:\ti\ccsv8\tools\compiler\ti-cgt-arm_18.1.4.LTS\lib\</path>
         <kind>archive</kind>
         <file>rtsv7M4_T_le_v4SPD16_eabi.lib</file>
         <name>ctype.c.obj</name>
      </input_file>
      <input_file id="fl-ea">
         <path>C:\ti\ccsv8\tools\compiler\ti-cgt-arm_18.1.4.LTS\lib\</path>
         <kind>archive</kind>
         <file>rtsv7M4_T_le_v4SPD16_eabi.lib</file>
         <name>ltoa.c.obj</name>
      </input_file>
      <input_file id="fl-eb">
         <path>C:\ti\ccsv8\tools\compiler\ti-cgt-arm_18.1.4.LTS\lib\</path>
         <kind>archive</kind>
         <file>rtsv7M4_T_le_v4SPD16_eabi.lib</file>
         <name>memccpy.c.obj</name>
      </input_file>
      <input_file id="fl-ec">
         <path>C:\ti\ccsv8\tools\compiler\ti-cgt-arm_18.1.4.LTS\lib\</path>
         <kind>archive</kind>
         <file>rtsv7M4_T_le_v4SPD16_eabi.lib</file>
         <name>strchr.c.obj</name>
      </input_file>
      <input_file id="fl-ed">
         <path>C:\ti\ccsv8\tools\compiler\ti-cgt-arm_18.1.4.LTS\lib\</path>
         <kind>archive</kind>
         <file>rtsv7M4_T_le_v4SPD16_eabi.lib</file>
         <name>wcslen.c.obj</name>
      </input_file>
      <input_file id="fl-ee">
         <path>C:\ti\ccsv8\tools\compiler\ti-cgt-arm_18.1.4.LTS\lib\</path>
         <kind>archive</kind>
         <file>rtsv7M4_T_le_v4SPD16_eabi.lib</file>
         <name>s_frexp.c.obj</name>
      </input_file>
      <input_file id="fl-ef">
         <path>C:\ti\ccsv8\tools\compiler\ti-cgt-arm_18.1.4.LTS\lib\</path>
         <kind>archive</kind>
         <file>rtsv7M4_T_le_v4SPD16_eabi.lib</file>
         <name>s_scalbn.c.obj</name>
      </input_file>
      <input_file id="fl-f0">
         <path>C:\ti\ccsv8\tools\compiler\ti-cgt-arm_18.1.4.LTS\lib\</path>
         <kind>archive</kind>
         <file>rtsv7M4_T_le_v4SPD16_eabi.lib</file>
         <name>fd_add_t2.asm.obj</name>
      </input_file>
      <input_file id="fl-f1">
         <path>C:\ti\ccsv8\tools\compiler\ti-cgt-arm_18.1.4.LTS\lib\</path>
         <kind>archive</kind>
         <file>rtsv7M4_T_le_v4SPD16_eabi.lib</file>
         <name>fd_cmp_t2.asm.obj</name>
      </input_file>
      <input_file id="fl-f2">
         <path>C:\ti\ccsv8\tools\compiler\ti-cgt-arm_18.1.4.LTS\lib\</path>
         <kind>archive</kind>
         <file>rtsv7M4_T_le_v4SPD16_eabi.lib</file>
         <name>fd_div_t2.asm.obj</name>
      </input_file>
      <input_file id="fl-f3">
         <path>C:\ti\ccsv8\tools\compiler\ti-cgt-arm_18.1.4.LTS\lib\</path>
         <kind>archive</kind>
         <file>rtsv7M4_T_le_v4SPD16_eabi.lib</file>
         <name>fd_mul_t2.asm.obj</name>
      </input_file>
      <input_file id="fl-f4">
         <path>C:\ti\ccsv8\tools\compiler\ti-cgt-arm_18.1.4.LTS\lib\</path>
         <kind>archive</kind>
         <file>rtsv7M4_T_le_v4SPD16_eabi.lib</file>
         <name>fd_toi_t2.asm.obj</name>
      </input_file>
      <input_file id="fl-f5">
         <path>C:\ti\ccsv8\tools\compiler\ti-cgt-arm_18.1.4.LTS\lib\</path>
         <kind>archive</kind>
         <file>rtsv7M4_T_le_v4SPD16_eabi.lib</file>
         <name>i_tofd_t2.asm.obj</name>
      </input_file>
      <input_file id="fl-f6">
         <path>C:\ti\ccsv8\tools\compiler\ti-cgt-arm_18.1.4.LTS\lib\</path>
         <kind>archive</kind>
         <file>rtsv7M4_T_le_v4SPD16_eabi.lib</file>
         <name>errno.c.obj</name>
      </input_file>
      <input_file id="fl-f7">
         <path>C:\ti\ccsv8\tools\compiler\ti-cgt-arm_18.1.4.LTS\lib\</path>
         <kind>archive</kind>
         <file>rtsv7M4_T_le_v4SPD16_eabi.lib</file>
         <name>s_copysign.c.obj</name>
      </input_file>
      <input_file id="fl-f8">
         <path>C:\ti\TivaWare_C_Series-2.1.4.178\driverlib\ccs\Debug\</path>
         <kind>archive</kind>
         <file>driverlib.lib</file>
         <name>systick.obj</name>
      </input_file>
      <input_file id="fl-f9">
         <path>C:\ti\TivaWare_C_Series-2.1.4.178\driverlib\ccs\Debug\</path>
         <kind>archive</kind>
         <file>driverlib.lib</file>
         <name>uart.obj</name>
      </input_file>
   </input_file_list>
   <object_component_list>
      <object_component id="oc-f">
         <name>.intvecs</name>
         <load_address>0x0</load_address>
         <run_address>0x0</run_address>
         <size>0x26c</size>
         <input_file_ref idref="fl-b"/>
      </object_component>
      <object_component id="oc-98">
         <name>.text</name>
         <load_address>0x26c</load_address>
         <run_address>0x26c</run_address>
         <size>0xa74</size>
         <input_file_ref idref="fl-2"/>
      </object_component>
      <object_component id="oc-30c">
         <name>.text:__TI_printfi</name>
         <load_address>0xce0</load_address>
         <run_address>0xce0</run_address>
         <size>0xa5e</size>
         <input_file_ref idref="fl-e7"/>
      </object_component>
      <object_component id="oc-335">
         <name>.text:_nop</name>
         <load_address>0x173e</load_address>
         <run_address>0x173e</run_address>
         <size>0x2</size>
         <input_file_ref idref="fl-cd"/>
      </object_component>
      <object_component id="oc-cb">
         <name>.text</name>
         <load_address>0x1740</load_address>
         <run_address>0x1740</run_address>
         <size>0x3d0</size>
         <input_file_ref idref="fl-e1"/>
      </object_component>
      <object_component id="oc-3d2">
         <name>.text:_pconv_a</name>
         <load_address>0x1b10</load_address>
         <run_address>0x1b10</run_address>
         <size>0x270</size>
         <input_file_ref idref="fl-e7"/>
      </object_component>
      <object_component id="oc-119">
         <name>.text</name>
         <load_address>0x1d80</load_address>
         <run_address>0x1d80</run_address>
         <size>0x1fc</size>
         <input_file_ref idref="fl-7"/>
      </object_component>
      <object_component id="oc-11f">
         <name>.text</name>
         <load_address>0x1f7c</load_address>
         <run_address>0x1f7c</run_address>
         <size>0x1dc</size>
         <input_file_ref idref="fl-8"/>
      </object_component>
      <object_component id="oc-3c0">
         <name>.text:_pconv_g</name>
         <load_address>0x2158</load_address>
         <run_address>0x2158</run_address>
         <size>0x1d0</size>
         <input_file_ref idref="fl-e7"/>
      </object_component>
      <object_component id="oc-444">
         <name>.text</name>
         <load_address>0x2328</load_address>
         <run_address>0x2328</run_address>
         <size>0x1b6</size>
         <input_file_ref idref="fl-f0"/>
      </object_component>
      <object_component id="oc-223">
         <name>.text</name>
         <load_address>0x24de</load_address>
         <run_address>0x24de</run_address>
         <size>0x2</size>
         <input_file_ref idref="fl-d3"/>
      </object_component>
      <object_component id="oc-3cc">
         <name>.text:_pconv_e</name>
         <load_address>0x24e0</load_address>
         <run_address>0x24e0</run_address>
         <size>0x13c</size>
         <input_file_ref idref="fl-e7"/>
      </object_component>
      <object_component id="oc-42a">
         <name>.text</name>
         <load_address>0x261c</load_address>
         <run_address>0x261c</run_address>
         <size>0x136</size>
         <input_file_ref idref="fl-f2"/>
      </object_component>
      <object_component id="oc-255">
         <name>.text:GPIOPadConfigSet</name>
         <load_address>0x2752</load_address>
         <run_address>0x2752</run_address>
         <size>0x132</size>
         <input_file_ref idref="fl-dc"/>
      </object_component>
      <object_component id="oc-456">
         <name>.text:fcvt</name>
         <load_address>0x2884</load_address>
         <run_address>0x2884</run_address>
         <size>0x124</size>
         <input_file_ref idref="fl-e7"/>
      </object_component>
      <object_component id="oc-1ac">
         <name>.text:SysCtlClockGet</name>
         <load_address>0x29a8</load_address>
         <run_address>0x29a8</run_address>
         <size>0x110</size>
         <input_file_ref idref="fl-de"/>
      </object_component>
      <object_component id="oc-46a">
         <name>.text:scalbn</name>
         <load_address>0x2ab8</load_address>
         <run_address>0x2ab8</run_address>
         <size>0x110</size>
         <input_file_ref idref="fl-ef"/>
      </object_component>
      <object_component id="oc-425">
         <name>.text</name>
         <load_address>0x2bc8</load_address>
         <run_address>0x2bc8</run_address>
         <size>0xfc</size>
         <input_file_ref idref="fl-f3"/>
      </object_component>
      <object_component id="oc-1a6">
         <name>.text:SysCtlClockSet</name>
         <load_address>0x2cc4</load_address>
         <run_address>0x2cc4</run_address>
         <size>0xf4</size>
         <input_file_ref idref="fl-de"/>
      </object_component>
      <object_component id="oc-d4">
         <name>.text</name>
         <load_address>0x2db8</load_address>
         <run_address>0x2db8</run_address>
         <size>0xc4</size>
         <input_file_ref idref="fl-e4"/>
      </object_component>
      <object_component id="oc-3b5">
         <name>.text:_ltostr</name>
         <load_address>0x2e7c</load_address>
         <run_address>0x2e7c</run_address>
         <size>0xb1</size>
         <input_file_ref idref="fl-e7"/>
      </object_component>
      <object_component id="oc-e2">
         <name>.text</name>
         <load_address>0x2f30</load_address>
         <run_address>0x2f30</run_address>
         <size>0x9c</size>
         <input_file_ref idref="fl-e2"/>
      </object_component>
      <object_component id="oc-38">
         <name>.text</name>
         <load_address>0x2fcc</load_address>
         <run_address>0x2fcc</run_address>
         <size>0x9c</size>
         <input_file_ref idref="fl-d4"/>
      </object_component>
      <object_component id="oc-1a0">
         <name>.text</name>
         <load_address>0x3068</load_address>
         <run_address>0x3068</run_address>
         <size>0x96</size>
         <input_file_ref idref="fl-e5"/>
      </object_component>
      <object_component id="oc-110">
         <name>.text</name>
         <load_address>0x3100</load_address>
         <run_address>0x3100</run_address>
         <size>0x8c</size>
         <input_file_ref idref="fl-e3"/>
      </object_component>
      <object_component id="oc-3bb">
         <name>.text:__aeabi_cdcmple</name>
         <load_address>0x318c</load_address>
         <run_address>0x318c</run_address>
         <size>0x86</size>
         <input_file_ref idref="fl-f1"/>
      </object_component>
      <object_component id="oc-42f">
         <name>.text:__aeabi_cdrcmple</name>
         <load_address>0x3212</load_address>
         <run_address>0x3212</run_address>
         <size>0x86</size>
         <input_file_ref idref="fl-f1"/>
      </object_component>
      <object_component id="oc-27d">
         <name>.text:ADCSequenceStepConfigure</name>
         <load_address>0x3298</load_address>
         <run_address>0x3298</run_address>
         <size>0x7a</size>
         <input_file_ref idref="fl-db"/>
      </object_component>
      <object_component id="oc-8c">
         <name>.text</name>
         <load_address>0x3312</load_address>
         <run_address>0x3312</run_address>
         <size>0x7a</size>
         <input_file_ref idref="fl-d5"/>
      </object_component>
      <object_component id="oc-44f">
         <name>.text:_mcpy</name>
         <load_address>0x338c</load_address>
         <run_address>0x338c</run_address>
         <size>0x6e</size>
         <input_file_ref idref="fl-e7"/>
      </object_component>
      <object_component id="oc-12">
         <name>.text:decompress:lzss:__TI_decompress_lzss</name>
         <load_address>0x33fa</load_address>
         <run_address>0x33fa</run_address>
         <size>0x68</size>
         <input_file_ref idref="fl-ca"/>
      </object_component>
      <object_component id="oc-464">
         <name>.text:frexp</name>
         <load_address>0x3464</load_address>
         <run_address>0x3464</run_address>
         <size>0x64</size>
         <input_file_ref idref="fl-ee"/>
      </object_component>
      <object_component id="oc-290">
         <name>.text:TimerConfigure</name>
         <load_address>0x34c8</load_address>
         <run_address>0x34c8</run_address>
         <size>0x60</size>
         <input_file_ref idref="fl-df"/>
      </object_component>
      <object_component id="oc-ef">
         <name>.text</name>
         <load_address>0x3528</load_address>
         <run_address>0x3528</run_address>
         <size>0x5e</size>
         <input_file_ref idref="fl-c7"/>
      </object_component>
      <object_component id="oc-12b">
         <name>.text</name>
         <load_address>0x3588</load_address>
         <run_address>0x3588</run_address>
         <size>0x5c</size>
         <input_file_ref idref="fl-3"/>
      </object_component>
      <object_component id="oc-3c6">
         <name>.text:_pconv_f</name>
         <load_address>0x35e4</load_address>
         <run_address>0x35e4</run_address>
         <size>0x56</size>
         <input_file_ref idref="fl-e7"/>
      </object_component>
      <object_component id="oc-439">
         <name>.text:ltoa</name>
         <load_address>0x363a</load_address>
         <run_address>0x363a</run_address>
         <size>0x54</size>
         <input_file_ref idref="fl-ea"/>
      </object_component>
      <object_component id="oc-dd">
         <name>.text</name>
         <load_address>0x3690</load_address>
         <run_address>0x3690</run_address>
         <size>0x54</size>
         <input_file_ref idref="fl-9"/>
      </object_component>
      <object_component id="oc-102">
         <name>.text</name>
         <load_address>0x36e4</load_address>
         <run_address>0x36e4</run_address>
         <size>0x54</size>
         <input_file_ref idref="fl-a"/>
      </object_component>
      <object_component id="oc-449">
         <name>.text:_ecpy</name>
         <load_address>0x3738</load_address>
         <run_address>0x3738</run_address>
         <size>0x52</size>
         <input_file_ref idref="fl-e7"/>
      </object_component>
      <object_component id="oc-277">
         <name>.text:ADCSequenceConfigure</name>
         <load_address>0x378a</load_address>
         <run_address>0x378a</run_address>
         <size>0x50</size>
         <input_file_ref idref="fl-db"/>
      </object_component>
      <object_component id="oc-3af">
         <name>.text:atoi</name>
         <load_address>0x37dc</load_address>
         <run_address>0x37dc</run_address>
         <size>0x4c</size>
         <input_file_ref idref="fl-e8"/>
      </object_component>
      <object_component id="oc-1dc">
         <name>.text:GPIOPinConfigure</name>
         <load_address>0x3828</load_address>
         <run_address>0x3828</run_address>
         <size>0x48</size>
         <input_file_ref idref="fl-dc"/>
      </object_component>
      <object_component id="oc-2a3">
         <name>.text:HOSTtime</name>
         <load_address>0x3870</load_address>
         <run_address>0x3870</run_address>
         <size>0x48</size>
         <input_file_ref idref="fl-d1"/>
      </object_component>
      <object_component id="oc-125">
         <name>.text</name>
         <load_address>0x38b8</load_address>
         <run_address>0x38b8</run_address>
         <size>0x48</size>
         <input_file_ref idref="fl-5"/>
      </object_component>
      <object_component id="oc-434">
         <name>.text</name>
         <load_address>0x3900</load_address>
         <run_address>0x3900</run_address>
         <size>0x48</size>
         <input_file_ref idref="fl-f4"/>
      </object_component>
      <object_component id="oc-1e8">
         <name>.text:UARTConfigSetExpClk</name>
         <load_address>0x3948</load_address>
         <run_address>0x3948</run_address>
         <size>0x46</size>
         <input_file_ref idref="fl-f9"/>
      </object_component>
      <object_component id="oc-14a">
         <name>.text:__TI_auto_init_nobinit_nopinit:__TI_auto_init_nobinit_nopinit</name>
         <load_address>0x3990</load_address>
         <run_address>0x3990</run_address>
         <size>0x44</size>
         <input_file_ref idref="fl-d6"/>
      </object_component>
      <object_component id="oc-fd">
         <name>.text</name>
         <load_address>0x39d4</load_address>
         <run_address>0x39d4</run_address>
         <size>0x42</size>
         <input_file_ref idref="fl-6"/>
      </object_component>
      <object_component id="oc-1fa">
         <name>.text:vsnprintf</name>
         <load_address>0x3a18</load_address>
         <run_address>0x3a18</run_address>
         <size>0x40</size>
         <input_file_ref idref="fl-e6"/>
      </object_component>
      <object_component id="oc-45c">
         <name>.text:_fcpy</name>
         <load_address>0x3a58</load_address>
         <run_address>0x3a58</run_address>
         <size>0x3e</size>
         <input_file_ref idref="fl-e7"/>
      </object_component>
      <object_component id="oc-271">
         <name>.text:SysCtlPeripheralReady</name>
         <load_address>0x3a98</load_address>
         <run_address>0x3a98</run_address>
         <size>0x38</size>
         <input_file_ref idref="fl-de"/>
      </object_component>
      <object_component id="oc-35a">
         <name>.text:__TI_writemsg</name>
         <load_address>0x3ad0</load_address>
         <run_address>0x3ad0</run_address>
         <size>0x38</size>
         <input_file_ref idref="fl-d2"/>
      </object_component>
      <object_component id="oc-56">
         <name>.text:_c_int00_noargs:_c_int00_noargs</name>
         <load_address>0x3b08</load_address>
         <run_address>0x3b08</run_address>
         <size>0x38</size>
         <input_file_ref idref="fl-cb"/>
      </object_component>
      <object_component id="oc-2e4">
         <name>.text:IntRegister</name>
         <load_address>0x3b40</load_address>
         <run_address>0x3b40</run_address>
         <size>0x34</size>
         <input_file_ref idref="fl-dd"/>
      </object_component>
      <object_component id="oc-1d6">
         <name>.text:SysCtlPeripheralEnable</name>
         <load_address>0x3b74</load_address>
         <run_address>0x3b74</run_address>
         <size>0x34</size>
         <input_file_ref idref="fl-de"/>
      </object_component>
      <object_component id="oc-360">
         <name>.text:__TI_readmsg</name>
         <load_address>0x3ba8</load_address>
         <run_address>0x3ba8</run_address>
         <size>0x34</size>
         <input_file_ref idref="fl-d2"/>
      </object_component>
      <object_component id="oc-e9">
         <name>.text:rand</name>
         <load_address>0x3bdc</load_address>
         <run_address>0x3bdc</run_address>
         <size>0x34</size>
         <input_file_ref idref="fl-cf"/>
      </object_component>
      <object_component id="oc-312">
         <name>.text:_outs</name>
         <load_address>0x3c10</load_address>
         <run_address>0x3c10</run_address>
         <size>0x30</size>
         <input_file_ref idref="fl-e6"/>
      </object_component>
      <object_component id="oc-233">
         <name>.text:ADCIntStatus</name>
         <load_address>0x3c40</load_address>
         <run_address>0x3c40</run_address>
         <size>0x2e</size>
         <input_file_ref idref="fl-db"/>
      </object_component>
      <object_component id="oc-43f">
         <name>.text</name>
         <load_address>0x3c6e</load_address>
         <run_address>0x3c6e</run_address>
         <size>0x2e</size>
         <input_file_ref idref="fl-f5"/>
      </object_component>
      <object_component id="oc-267">
         <name>.text:GPIODirModeSet</name>
         <load_address>0x3c9c</load_address>
         <run_address>0x3c9c</run_address>
         <size>0x2a</size>
         <input_file_ref idref="fl-dc"/>
      </object_component>
      <object_component id="oc-c6">
         <name>.text</name>
         <load_address>0x3cc8</load_address>
         <run_address>0x3cc8</run_address>
         <size>0x28</size>
         <input_file_ref idref="fl-4"/>
      </object_component>
      <object_component id="oc-137">
         <name>.text:srand</name>
         <load_address>0x3cf0</load_address>
         <run_address>0x3cf0</run_address>
         <size>0x24</size>
         <input_file_ref idref="fl-cf"/>
      </object_component>
      <object_component id="oc-2fc">
         <name>.text:UARTDisable</name>
         <load_address>0x3d14</load_address>
         <run_address>0x3d14</run_address>
         <size>0x20</size>
         <input_file_ref idref="fl-f9"/>
      </object_component>
      <object_component id="oc-239">
         <name>.text:ADCSequenceDataGet</name>
         <load_address>0x3d34</load_address>
         <run_address>0x3d34</run_address>
         <size>0x1e</size>
         <input_file_ref idref="fl-db"/>
      </object_component>
      <object_component id="oc-1b8">
         <name>.text:SysTickIntRegister</name>
         <load_address>0x3d54</load_address>
         <run_address>0x3d54</run_address>
         <size>0x1c</size>
         <input_file_ref idref="fl-f8"/>
      </object_component>
      <object_component id="oc-3d8">
         <name>.text:memccpy</name>
         <load_address>0x3d70</load_address>
         <run_address>0x3d70</run_address>
         <size>0x1c</size>
         <input_file_ref idref="fl-eb"/>
      </object_component>
      <object_component id="oc-22d">
         <name>.text:ADCProcessorTrigger</name>
         <load_address>0x3d8c</load_address>
         <run_address>0x3d8c</run_address>
         <size>0x18</size>
         <input_file_ref idref="fl-db"/>
      </object_component>
      <object_component id="oc-20c">
         <name>.text:GPIOPinTypeGPIOOutput</name>
         <load_address>0x3da4</load_address>
         <run_address>0x3da4</run_address>
         <size>0x18</size>
         <input_file_ref idref="fl-dc"/>
      </object_component>
      <object_component id="oc-296">
         <name>.text:TimerControlLevel</name>
         <load_address>0x3dbc</load_address>
         <run_address>0x3dbc</run_address>
         <size>0x18</size>
         <input_file_ref idref="fl-df"/>
      </object_component>
      <object_component id="oc-318">
         <name>.text:_outc</name>
         <load_address>0x3dd4</load_address>
         <run_address>0x3dd4</run_address>
         <size>0x18</size>
         <input_file_ref idref="fl-e6"/>
      </object_component>
      <object_component id="oc-470">
         <name>.text:strchr</name>
         <load_address>0x3dec</load_address>
         <run_address>0x3dec</run_address>
         <size>0x16</size>
         <input_file_ref idref="fl-ec"/>
      </object_component>
      <object_component id="oc-1c4">
         <name>.text:SysTickEnable</name>
         <load_address>0x3e04</load_address>
         <run_address>0x3e04</run_address>
         <size>0x14</size>
         <input_file_ref idref="fl-f8"/>
      </object_component>
      <object_component id="oc-1be">
         <name>.text:SysTickIntEnable</name>
         <load_address>0x3e18</load_address>
         <run_address>0x3e18</run_address>
         <size>0x14</size>
         <input_file_ref idref="fl-f8"/>
      </object_component>
      <object_component id="oc-302">
         <name>.text:UARTEnable</name>
         <load_address>0x3e2c</load_address>
         <run_address>0x3e2c</run_address>
         <size>0x14</size>
         <input_file_ref idref="fl-f9"/>
      </object_component>
      <object_component id="oc-4af">
         <name>.text:copysign</name>
         <load_address>0x3e40</load_address>
         <run_address>0x3e40</run_address>
         <size>0x14</size>
         <input_file_ref idref="fl-f7"/>
      </object_component>
      <object_component id="oc-3a9">
         <name>.text:strlen</name>
         <load_address>0x3e54</load_address>
         <run_address>0x3e54</run_address>
         <size>0x14</size>
         <input_file_ref idref="fl-da"/>
      </object_component>
      <object_component id="oc-24f">
         <name>.text:GPIOPinTypeGPIOInput</name>
         <load_address>0x3e68</load_address>
         <run_address>0x3e68</run_address>
         <size>0x12</size>
         <input_file_ref idref="fl-dc"/>
      </object_component>
      <object_component id="oc-28a">
         <name>.text:GPIOPinTypeTimer</name>
         <load_address>0x3e7a</load_address>
         <run_address>0x3e7a</run_address>
         <size>0x12</size>
         <input_file_ref idref="fl-dc"/>
      </object_component>
      <object_component id="oc-1e2">
         <name>.text:GPIOPinTypeUART</name>
         <load_address>0x3e8c</load_address>
         <run_address>0x3e8c</run_address>
         <size>0x12</size>
         <input_file_ref idref="fl-dc"/>
      </object_component>
      <object_component id="oc-18d">
         <name>.text:TimerLoadSet</name>
         <load_address>0x3e9e</load_address>
         <run_address>0x3e9e</run_address>
         <size>0x12</size>
         <input_file_ref idref="fl-df"/>
      </object_component>
      <object_component id="oc-193">
         <name>.text:TimerMatchSet</name>
         <load_address>0x3eb0</load_address>
         <run_address>0x3eb0</run_address>
         <size>0x12</size>
         <input_file_ref idref="fl-df"/>
      </object_component>
      <object_component id="oc-3de">
         <name>.text:wcslen</name>
         <load_address>0x3ec2</load_address>
         <run_address>0x3ec2</run_address>
         <size>0x12</size>
         <input_file_ref idref="fl-ed"/>
      </object_component>
      <object_component id="oc-1b2">
         <name>.text:SysTickPeriodSet</name>
         <load_address>0x3ed4</load_address>
         <run_address>0x3ed4</run_address>
         <size>0x10</size>
         <input_file_ref idref="fl-f8"/>
      </object_component>
      <object_component id="oc-283">
         <name>.text:ADCSequenceEnable</name>
         <load_address>0x3ee4</load_address>
         <run_address>0x3ee4</run_address>
         <size>0xe</size>
         <input_file_ref idref="fl-db"/>
      </object_component>
      <object_component id="oc-29c">
         <name>.text:TimerEnable</name>
         <load_address>0x3ef2</load_address>
         <run_address>0x3ef2</run_address>
         <size>0xe</size>
         <input_file_ref idref="fl-df"/>
      </object_component>
      <object_component id="oc-131">
         <name>.text:__time32</name>
         <load_address>0x3f00</load_address>
         <run_address>0x3f00</run_address>
         <size>0xe</size>
         <input_file_ref idref="fl-d0"/>
      </object_component>
      <object_component id="oc-18">
         <name>.text:decompress:none:__TI_decompress_none</name>
         <load_address>0x3f0e</load_address>
         <run_address>0x3f0e</run_address>
         <size>0xe</size>
         <input_file_ref idref="fl-c9"/>
      </object_component>
      <object_component id="oc-4a">
         <name>.text:decompress:ZI:__TI_zero_init</name>
         <load_address>0x3f1c</load_address>
         <run_address>0x3f1c</run_address>
         <size>0xc</size>
         <input_file_ref idref="fl-c8"/>
      </object_component>
      <object_component id="oc-24">
         <name>.text</name>
         <load_address>0x3f28</load_address>
         <run_address>0x3f28</run_address>
         <size>0xc</size>
         <input_file_ref idref="fl-b"/>
      </object_component>
      <object_component id="oc-23f">
         <name>.text:ADCIntClear</name>
         <load_address>0x3f34</load_address>
         <run_address>0x3f34</run_address>
         <size>0xa</size>
         <input_file_ref idref="fl-db"/>
      </object_component>
      <object_component id="oc-1f4">
         <name>.text:UARTCharGet</name>
         <load_address>0x3f3e</load_address>
         <run_address>0x3f3e</run_address>
         <size>0xa</size>
         <input_file_ref idref="fl-f9"/>
      </object_component>
      <object_component id="oc-1ee">
         <name>.text:UARTCharPut</name>
         <load_address>0x3f48</load_address>
         <run_address>0x3f48</run_address>
         <size>0xa</size>
         <input_file_ref idref="fl-f9"/>
      </object_component>
      <object_component id="oc-3e4">
         <name>.text:__aeabi_errno_addr</name>
         <load_address>0x3f54</load_address>
         <run_address>0x3f54</run_address>
         <size>0x8</size>
         <input_file_ref idref="fl-f6"/>
      </object_component>
      <object_component id="oc-25b">
         <name>.text:GPIOPinRead</name>
         <load_address>0x3f5c</load_address>
         <run_address>0x3f5c</run_address>
         <size>0x6</size>
         <input_file_ref idref="fl-dc"/>
      </object_component>
      <object_component id="oc-212">
         <name>.text:GPIOPinWrite</name>
         <load_address>0x3f62</load_address>
         <run_address>0x3f62</run_address>
         <size>0x6</size>
         <input_file_ref idref="fl-dc"/>
      </object_component>
      <object_component id="oc-1a5">
         <name>.text:SysCtlDelay</name>
         <load_address>0x3f68</load_address>
         <run_address>0x3f68</run_address>
         <size>0x6</size>
         <input_file_ref idref="fl-de"/>
      </object_component>
      <object_component id="oc-92">
         <name>.text:_system_pre_init</name>
         <load_address>0x3f6e</load_address>
         <run_address>0x3f6e</run_address>
         <size>0x4</size>
         <input_file_ref idref="fl-d7"/>
      </object_component>
      <object_component id="oc-13e">
         <name>.text:abort:abort</name>
         <load_address>0x3f72</load_address>
         <run_address>0x3f72</run_address>
         <size>0x4</size>
         <input_file_ref idref="fl-cc"/>
      </object_component>
      <object_component id="oc-41e">
         <name>.const:.string:_ctypes_</name>
         <load_address>0x3f78</load_address>
         <run_address>0x3f78</run_address>
         <size>0x101</size>
         <input_file_ref idref="fl-e9"/>
      </object_component>
      <object_component id="oc-2f6">
         <name>.const:g_pui32GPIOBaseAddrs</name>
         <load_address>0x407c</load_address>
         <run_address>0x407c</run_address>
         <size>0x90</size>
         <input_file_ref idref="fl-dc"/>
      </object_component>
      <object_component id="oc-2de">
         <name>.const:g_pui32Xtals</name>
         <load_address>0x410c</load_address>
         <run_address>0x410c</run_address>
         <size>0x6c</size>
         <input_file_ref idref="fl-de"/>
      </object_component>
      <object_component id="oc-505">
         <name>.cinit..data.load</name>
         <load_address>0x4178</load_address>
         <run_address>0x4178</run_address>
         <size>0x5a</size>
      </object_component>
      <object_component id="oc-502">
         <name>__TI_handler_table</name>
         <load_address>0x41d4</load_address>
         <run_address>0x41d4</run_address>
         <size>0xc</size>
      </object_component>
      <object_component id="oc-506">
         <name>.cinit..bss.load</name>
         <load_address>0x41e0</load_address>
         <run_address>0x41e0</run_address>
         <size>0x8</size>
      </object_component>
      <object_component id="oc-504">
         <name>.cinit..vtable.load</name>
         <load_address>0x41e8</load_address>
         <run_address>0x41e8</run_address>
         <size>0x8</size>
      </object_component>
      <object_component id="oc-503">
         <name>__TI_cinit_table</name>
         <load_address>0x41f0</load_address>
         <run_address>0x41f0</run_address>
         <size>0x18</size>
      </object_component>
      <object_component id="oc-39c">
         <name>.vtable</name>
         <uninitialized>true</uninitialized>
         <run_address>0x20000000</run_address>
         <size>0x26c</size>
         <input_file_ref idref="fl-dd"/>
      </object_component>
      <object_component id="oc-d1">
         <name>.data</name>
         <load_address>0x20000860</load_address>
         <run_address>0x20000860</run_address>
         <size>0xc</size>
         <input_file_ref idref="fl-2"/>
      </object_component>
      <object_component id="oc-da">
         <name>.data:tone</name>
         <load_address>0x20000834</load_address>
         <run_address>0x20000834</run_address>
         <size>0x20</size>
         <input_file_ref idref="fl-2"/>
      </object_component>
      <object_component id="oc-f7">
         <name>.data:game</name>
         <load_address>0x20000854</load_address>
         <run_address>0x20000854</run_address>
         <size>0xc</size>
         <input_file_ref idref="fl-2"/>
      </object_component>
      <object_component id="oc-107">
         <name>.data:randomNum</name>
         <load_address>0x200008a6</load_address>
         <run_address>0x200008a6</run_address>
         <size>0x4</size>
         <input_file_ref idref="fl-2"/>
      </object_component>
      <object_component id="oc-10a">
         <name>.data:dataArray</name>
         <load_address>0x20000890</load_address>
         <run_address>0x20000890</run_address>
         <size>0x8</size>
         <input_file_ref idref="fl-2"/>
      </object_component>
      <object_component id="oc-10d">
         <name>.data:oldValues</name>
         <load_address>0x200008a2</load_address>
         <run_address>0x200008a2</run_address>
         <size>0x4</size>
         <input_file_ref idref="fl-2"/>
      </object_component>
      <object_component id="oc-116">
         <name>.data:seg7Display</name>
         <load_address>0x20000898</load_address>
         <run_address>0x20000898</run_address>
         <size>0x5</size>
         <input_file_ref idref="fl-2"/>
      </object_component>
      <object_component id="oc-fa">
         <name>.data:timer_Display</name>
         <load_address>0x2000089d</load_address>
         <run_address>0x2000089d</run_address>
         <size>0x5</size>
         <input_file_ref idref="fl-2"/>
      </object_component>
      <object_component id="oc-209">
         <name>.data</name>
         <load_address>0x2000086c</load_address>
         <run_address>0x2000086c</run_address>
         <size>0xa</size>
         <input_file_ref idref="fl-9"/>
      </object_component>
      <object_component id="oc-246">
         <name>.data</name>
         <load_address>0x20000876</load_address>
         <run_address>0x20000876</run_address>
         <size>0xa</size>
         <input_file_ref idref="fl-a"/>
      </object_component>
      <object_component id="oc-21c">
         <name>.data:$O1$$</name>
         <load_address>0x20000880</load_address>
         <run_address>0x20000880</run_address>
         <size>0x8</size>
         <input_file_ref idref="fl-cd"/>
      </object_component>
      <object_component id="oc-21f">
         <name>.data</name>
         <load_address>0x200008b0</load_address>
         <run_address>0x200008b0</run_address>
         <size>0x4</size>
         <input_file_ref idref="fl-cf"/>
      </object_component>
      <object_component id="oc-19a">
         <name>.data</name>
         <load_address>0x20000888</load_address>
         <run_address>0x20000888</run_address>
         <size>0x8</size>
         <input_file_ref idref="fl-e1"/>
      </object_component>
      <object_component id="oc-218">
         <name>.data</name>
         <load_address>0x200008aa</load_address>
         <run_address>0x200008aa</run_address>
         <size>0x1</size>
         <input_file_ref idref="fl-e2"/>
      </object_component>
      <object_component id="oc-261">
         <name>.data</name>
         <load_address>0x200008ab</load_address>
         <run_address>0x200008ab</run_address>
         <size>0x1</size>
         <input_file_ref idref="fl-e3"/>
      </object_component>
      <object_component id="oc-480">
         <name>.data</name>
         <load_address>0x200008ac</load_address>
         <run_address>0x200008ac</run_address>
         <size>0x4</size>
         <input_file_ref idref="fl-f6"/>
      </object_component>
      <object_component id="oc-20a">
         <name>.bss</name>
         <uninitialized>true</uninitialized>
         <run_address>0x2000081c</run_address>
         <size>0x4</size>
         <input_file_ref idref="fl-9"/>
      </object_component>
      <object_component id="oc-247">
         <name>.bss</name>
         <uninitialized>true</uninitialized>
         <run_address>0x20000820</run_address>
         <size>0x4</size>
         <input_file_ref idref="fl-a"/>
      </object_component>
      <object_component id="oc-3ff">
         <name>.bss:_CIOBUF_</name>
         <uninitialized>true</uninitialized>
         <run_address>0x20000670</run_address>
         <size>0x120</size>
         <input_file_ref idref="fl-d2"/>
      </object_component>
      <object_component id="oc-1ca">
         <name>.bss</name>
         <uninitialized>true</uninitialized>
         <run_address>0x20000818</run_address>
         <size>0x4</size>
         <input_file_ref idref="fl-e1"/>
      </object_component>
      <object_component id="oc-19d">
         <name>.bss:callbackHeap</name>
         <uninitialized>true</uninitialized>
         <run_address>0x20000790</run_address>
         <size>0x80</size>
         <input_file_ref idref="fl-e1"/>
      </object_component>
      <object_component id="oc-f6">
         <name>.common:savedNumber</name>
         <uninitialized>true</uninitialized>
         <run_address>0x20000830</run_address>
         <size>0x4</size>
      </object_component>
      <object_component id="oc-e8">
         <name>.common:buzzDelay</name>
         <uninitialized>true</uninitialized>
         <run_address>0x2000082c</run_address>
         <size>0x4</size>
      </object_component>
      <object_component id="oc-f5">
         <name>.common:angle1</name>
         <uninitialized>true</uninitialized>
         <run_address>0x20000824</run_address>
         <size>0x4</size>
      </object_component>
      <object_component id="oc-f4">
         <name>.common:angle2</name>
         <uninitialized>true</uninitialized>
         <run_address>0x20000828</run_address>
         <size>0x4</size>
      </object_component>
      <object_component id="oc-366">
         <name>.common:parmbuf</name>
         <uninitialized>true</uninitialized>
         <run_address>0x20000810</run_address>
         <size>0x8</size>
      </object_component>
      <object_component id="oc-21">
         <name>.stack</name>
         <uninitialized>true</uninitialized>
         <run_address>0x20000270</run_address>
         <size>0x4</size>
         <input_file_ref idref="fl-cb"/>
      </object_component>
      <object_component id="oc-507">
         <name>.stack</name>
         <uninitialized>true</uninitialized>
         <run_address>0x20000270</run_address>
         <size>0x0</size>
      </object_component>
      <object_component id="oc-b4">
         <name>.debug_info</name>
         <load_address>0x0</load_address>
         <run_address>0x0</run_address>
         <size>0x614</size>
         <input_file_ref idref="fl-2"/>
      </object_component>
      <object_component id="oc-d2">
         <name>.debug_info</name>
         <load_address>0x614</load_address>
         <run_address>0x614</run_address>
         <size>0x1b3</size>
         <input_file_ref idref="fl-2"/>
      </object_component>
      <object_component id="oc-db">
         <name>.debug_info</name>
         <load_address>0x7c7</load_address>
         <run_address>0x7c7</run_address>
         <size>0xf7</size>
         <input_file_ref idref="fl-2"/>
      </object_component>
      <object_component id="oc-f8">
         <name>.debug_info</name>
         <load_address>0x8be</load_address>
         <run_address>0x8be</run_address>
         <size>0xf7</size>
         <input_file_ref idref="fl-2"/>
      </object_component>
      <object_component id="oc-108">
         <name>.debug_info</name>
         <load_address>0x9b5</load_address>
         <run_address>0x9b5</run_address>
         <size>0x101</size>
         <input_file_ref idref="fl-2"/>
      </object_component>
      <object_component id="oc-10b">
         <name>.debug_info</name>
         <load_address>0xab6</load_address>
         <run_address>0xab6</run_address>
         <size>0x101</size>
         <input_file_ref idref="fl-2"/>
      </object_component>
      <object_component id="oc-10e">
         <name>.debug_info</name>
         <load_address>0xbb7</load_address>
         <run_address>0xbb7</run_address>
         <size>0x101</size>
         <input_file_ref idref="fl-2"/>
      </object_component>
      <object_component id="oc-117">
         <name>.debug_info</name>
         <load_address>0xcb8</load_address>
         <run_address>0xcb8</run_address>
         <size>0x105</size>
         <input_file_ref idref="fl-2"/>
      </object_component>
      <object_component id="oc-fb">
         <name>.debug_info</name>
         <load_address>0xdbd</load_address>
         <run_address>0xdbd</run_address>
         <size>0x109</size>
         <input_file_ref idref="fl-2"/>
      </object_component>
      <object_component id="oc-99">
         <name>.debug_info</name>
         <load_address>0xec6</load_address>
         <run_address>0xec6</run_address>
         <size>0xbfb</size>
         <input_file_ref idref="fl-2"/>
      </object_component>
      <object_component id="oc-1d1">
         <name>.debug_info</name>
         <load_address>0x1ac1</load_address>
         <run_address>0x1ac1</run_address>
         <size>0x18d</size>
         <input_file_ref idref="fl-2"/>
      </object_component>
      <object_component id="oc-17e">
         <name>.debug_info</name>
         <load_address>0x1c4e</load_address>
         <run_address>0x1c4e</run_address>
         <size>0x9a</size>
         <input_file_ref idref="fl-2"/>
      </object_component>
      <object_component id="oc-6d">
         <name>.debug_info</name>
         <load_address>0x1ce8</load_address>
         <run_address>0x1ce8</run_address>
         <size>0x26b</size>
         <input_file_ref idref="fl-2"/>
      </object_component>
      <object_component id="oc-183">
         <name>.debug_info</name>
         <load_address>0x1f53</load_address>
         <run_address>0x1f53</run_address>
         <size>0x196</size>
         <input_file_ref idref="fl-2"/>
      </object_component>
      <object_component id="oc-af">
         <name>.debug_info</name>
         <load_address>0x20e9</load_address>
         <run_address>0x20e9</run_address>
         <size>0x8b</size>
         <input_file_ref idref="fl-2"/>
      </object_component>
      <object_component id="oc-aa">
         <name>.debug_info</name>
         <load_address>0x2174</load_address>
         <run_address>0x2174</run_address>
         <size>0x297</size>
         <input_file_ref idref="fl-2"/>
      </object_component>
      <object_component id="oc-72">
         <name>.debug_info</name>
         <load_address>0x240b</load_address>
         <run_address>0x240b</run_address>
         <size>0xbb</size>
         <input_file_ref idref="fl-2"/>
      </object_component>
      <object_component id="oc-202">
         <name>.debug_info</name>
         <load_address>0x24c6</load_address>
         <run_address>0x24c6</run_address>
         <size>0x2c</size>
         <input_file_ref idref="fl-2"/>
      </object_component>
      <object_component id="oc-188">
         <name>.debug_info</name>
         <load_address>0x24f2</load_address>
         <run_address>0x24f2</run_address>
         <size>0x35</size>
         <input_file_ref idref="fl-2"/>
      </object_component>
      <object_component id="oc-12d">
         <name>.debug_info</name>
         <load_address>0x2527</load_address>
         <run_address>0x2527</run_address>
         <size>0x202</size>
         <input_file_ref idref="fl-3"/>
      </object_component>
      <object_component id="oc-c9">
         <name>.debug_info</name>
         <load_address>0x2729</load_address>
         <run_address>0x2729</run_address>
         <size>0x13f</size>
         <input_file_ref idref="fl-4"/>
      </object_component>
      <object_component id="oc-126">
         <name>.debug_info</name>
         <load_address>0x2868</load_address>
         <run_address>0x2868</run_address>
         <size>0x1cb</size>
         <input_file_ref idref="fl-5"/>
      </object_component>
      <object_component id="oc-100">
         <name>.debug_info</name>
         <load_address>0x2a33</load_address>
         <run_address>0x2a33</run_address>
         <size>0x164</size>
         <input_file_ref idref="fl-6"/>
      </object_component>
      <object_component id="oc-26e">
         <name>.debug_info</name>
         <load_address>0x2b97</load_address>
         <run_address>0x2b97</run_address>
         <size>0x39a</size>
         <input_file_ref idref="fl-7"/>
      </object_component>
      <object_component id="oc-11a">
         <name>.debug_info</name>
         <load_address>0x2f31</load_address>
         <run_address>0x2f31</run_address>
         <size>0x709</size>
         <input_file_ref idref="fl-7"/>
      </object_component>
      <object_component id="oc-270">
         <name>.debug_info</name>
         <load_address>0x363a</load_address>
         <run_address>0x363a</run_address>
         <size>0x39a</size>
         <input_file_ref idref="fl-8"/>
      </object_component>
      <object_component id="oc-121">
         <name>.debug_info</name>
         <load_address>0x39d4</load_address>
         <run_address>0x39d4</run_address>
         <size>0x715</size>
         <input_file_ref idref="fl-8"/>
      </object_component>
      <object_component id="oc-e0">
         <name>.debug_info</name>
         <load_address>0x40e9</load_address>
         <run_address>0x40e9</run_address>
         <size>0x12f</size>
         <input_file_ref idref="fl-9"/>
      </object_component>
      <object_component id="oc-103">
         <name>.debug_info</name>
         <load_address>0x4218</load_address>
         <run_address>0x4218</run_address>
         <size>0x120</size>
         <input_file_ref idref="fl-a"/>
      </object_component>
      <object_component id="oc-2c">
         <name>.debug_info</name>
         <load_address>0x4338</load_address>
         <run_address>0x4338</run_address>
         <size>0x2d9</size>
         <input_file_ref idref="fl-b"/>
      </object_component>
      <object_component id="oc-10">
         <name>.debug_info</name>
         <load_address>0x4611</load_address>
         <run_address>0x4611</run_address>
         <size>0x118</size>
         <input_file_ref idref="fl-b"/>
      </object_component>
      <object_component id="oc-25">
         <name>.debug_info</name>
         <load_address>0x4729</load_address>
         <run_address>0x4729</run_address>
         <size>0x294</size>
         <input_file_ref idref="fl-b"/>
      </object_component>
      <object_component id="oc-33">
         <name>.debug_info</name>
         <load_address>0x49bd</load_address>
         <run_address>0x49bd</run_address>
         <size>0x84</size>
         <input_file_ref idref="fl-b"/>
      </object_component>
      <object_component id="oc-f0">
         <name>.debug_info</name>
         <load_address>0x4a41</load_address>
         <run_address>0x4a41</run_address>
         <size>0x143</size>
         <input_file_ref idref="fl-c7"/>
      </object_component>
      <object_component id="oc-8b">
         <name>.debug_info</name>
         <load_address>0x4b84</load_address>
         <run_address>0x4b84</run_address>
         <size>0x31e</size>
         <input_file_ref idref="fl-c8"/>
      </object_component>
      <object_component id="oc-4c">
         <name>.debug_info</name>
         <load_address>0x4ea2</load_address>
         <run_address>0x4ea2</run_address>
         <size>0x1b5</size>
         <input_file_ref idref="fl-c8"/>
      </object_component>
      <object_component id="oc-86">
         <name>.debug_info</name>
         <load_address>0x5057</load_address>
         <run_address>0x5057</run_address>
         <size>0x46</size>
         <input_file_ref idref="fl-c8"/>
      </object_component>
      <object_component id="oc-bd">
         <name>.debug_info</name>
         <load_address>0x509d</load_address>
         <run_address>0x509d</run_address>
         <size>0x2c</size>
         <input_file_ref idref="fl-c8"/>
      </object_component>
      <object_component id="oc-43">
         <name>.debug_info</name>
         <load_address>0x50c9</load_address>
         <run_address>0x50c9</run_address>
         <size>0x2a8</size>
         <input_file_ref idref="fl-c9"/>
      </object_component>
      <object_component id="oc-1a">
         <name>.debug_info</name>
         <load_address>0x5371</load_address>
         <run_address>0x5371</run_address>
         <size>0x1ea</size>
         <input_file_ref idref="fl-c9"/>
      </object_component>
      <object_component id="oc-3e">
         <name>.debug_info</name>
         <load_address>0x555b</load_address>
         <run_address>0x555b</run_address>
         <size>0x46</size>
         <input_file_ref idref="fl-c9"/>
      </object_component>
      <object_component id="oc-7e">
         <name>.debug_info</name>
         <load_address>0x55a1</load_address>
         <run_address>0x55a1</run_address>
         <size>0x2c</size>
         <input_file_ref idref="fl-c9"/>
      </object_component>
      <object_component id="oc-7c">
         <name>.debug_info</name>
         <load_address>0x55cd</load_address>
         <run_address>0x55cd</run_address>
         <size>0x29e</size>
         <input_file_ref idref="fl-ca"/>
      </object_component>
      <object_component id="oc-14">
         <name>.debug_info</name>
         <load_address>0x586b</load_address>
         <run_address>0x586b</run_address>
         <size>0x250</size>
         <input_file_ref idref="fl-ca"/>
      </object_component>
      <object_component id="oc-2e">
         <name>.debug_info</name>
         <load_address>0x5abb</load_address>
         <run_address>0x5abb</run_address>
         <size>0x60</size>
         <input_file_ref idref="fl-ca"/>
      </object_component>
      <object_component id="oc-b6">
         <name>.debug_info</name>
         <load_address>0x5b1b</load_address>
         <run_address>0x5b1b</run_address>
         <size>0x46</size>
         <input_file_ref idref="fl-ca"/>
      </object_component>
      <object_component id="oc-77">
         <name>.debug_info</name>
         <load_address>0x5b61</load_address>
         <run_address>0x5b61</run_address>
         <size>0x39</size>
         <input_file_ref idref="fl-ca"/>
      </object_component>
      <object_component id="oc-22">
         <name>.debug_info</name>
         <load_address>0x5b9a</load_address>
         <run_address>0x5b9a</run_address>
         <size>0x10b</size>
         <input_file_ref idref="fl-cb"/>
      </object_component>
      <object_component id="oc-58">
         <name>.debug_info</name>
         <load_address>0x5ca5</load_address>
         <run_address>0x5ca5</run_address>
         <size>0x1af</size>
         <input_file_ref idref="fl-cb"/>
      </object_component>
      <object_component id="oc-140">
         <name>.debug_info</name>
         <load_address>0x5e54</load_address>
         <run_address>0x5e54</run_address>
         <size>0x122</size>
         <input_file_ref idref="fl-cc"/>
      </object_component>
      <object_component id="oc-33d">
         <name>.debug_info</name>
         <load_address>0x5f76</load_address>
         <run_address>0x5f76</run_address>
         <size>0x2c9</size>
         <input_file_ref idref="fl-cd"/>
      </object_component>
      <object_component id="oc-21d">
         <name>.debug_info</name>
         <load_address>0x623f</load_address>
         <run_address>0x623f</run_address>
         <size>0x11e</size>
         <input_file_ref idref="fl-cd"/>
      </object_component>
      <object_component id="oc-338">
         <name>.debug_info</name>
         <load_address>0x635d</load_address>
         <run_address>0x635d</run_address>
         <size>0x12e</size>
         <input_file_ref idref="fl-cd"/>
      </object_component>
      <object_component id="oc-2b1">
         <name>.debug_info</name>
         <load_address>0x648b</load_address>
         <run_address>0x648b</run_address>
         <size>0x2ba</size>
         <input_file_ref idref="fl-cf"/>
      </object_component>
      <object_component id="oc-220">
         <name>.debug_info</name>
         <load_address>0x6745</load_address>
         <run_address>0x6745</run_address>
         <size>0xfb</size>
         <input_file_ref idref="fl-cf"/>
      </object_component>
      <object_component id="oc-139">
         <name>.debug_info</name>
         <load_address>0x6840</load_address>
         <run_address>0x6840</run_address>
         <size>0x15d</size>
         <input_file_ref idref="fl-cf"/>
      </object_component>
      <object_component id="oc-ea">
         <name>.debug_info</name>
         <load_address>0x699d</load_address>
         <run_address>0x699d</run_address>
         <size>0x13d</size>
         <input_file_ref idref="fl-cf"/>
      </object_component>
      <object_component id="oc-2af">
         <name>.debug_info</name>
         <load_address>0x6ada</load_address>
         <run_address>0x6ada</run_address>
         <size>0x2a4</size>
         <input_file_ref idref="fl-d0"/>
      </object_component>
      <object_component id="oc-134">
         <name>.debug_info</name>
         <load_address>0x6d7e</load_address>
         <run_address>0x6d7e</run_address>
         <size>0x181</size>
         <input_file_ref idref="fl-d0"/>
      </object_component>
      <object_component id="oc-36f">
         <name>.debug_info</name>
         <load_address>0x6eff</load_address>
         <run_address>0x6eff</run_address>
         <size>0x39</size>
         <input_file_ref idref="fl-d0"/>
      </object_component>
      <object_component id="oc-2aa">
         <name>.debug_info</name>
         <load_address>0x6f38</load_address>
         <run_address>0x6f38</run_address>
         <size>0x39</size>
         <input_file_ref idref="fl-d0"/>
      </object_component>
      <object_component id="oc-2a4">
         <name>.debug_info</name>
         <load_address>0x6f71</load_address>
         <run_address>0x6f71</run_address>
         <size>0x18d</size>
         <input_file_ref idref="fl-d1"/>
      </object_component>
      <object_component id="oc-407">
         <name>.debug_info</name>
         <load_address>0x70fe</load_address>
         <run_address>0x70fe</run_address>
         <size>0x46</size>
         <input_file_ref idref="fl-d1"/>
      </object_component>
      <object_component id="oc-36a">
         <name>.debug_info</name>
         <load_address>0x7144</load_address>
         <run_address>0x7144</run_address>
         <size>0x39</size>
         <input_file_ref idref="fl-d1"/>
      </object_component>
      <object_component id="oc-403">
         <name>.debug_info</name>
         <load_address>0x717d</load_address>
         <run_address>0x717d</run_address>
         <size>0x2bb</size>
         <input_file_ref idref="fl-d2"/>
      </object_component>
      <object_component id="oc-400">
         <name>.debug_info</name>
         <load_address>0x7438</load_address>
         <run_address>0x7438</run_address>
         <size>0x108</size>
         <input_file_ref idref="fl-d2"/>
      </object_component>
      <object_component id="oc-35b">
         <name>.debug_info</name>
         <load_address>0x7540</load_address>
         <run_address>0x7540</run_address>
         <size>0x1df</size>
         <input_file_ref idref="fl-d2"/>
      </object_component>
      <object_component id="oc-361">
         <name>.debug_info</name>
         <load_address>0x771f</load_address>
         <run_address>0x771f</run_address>
         <size>0x19a</size>
         <input_file_ref idref="fl-d2"/>
      </object_component>
      <object_component id="oc-224">
         <name>.debug_info</name>
         <load_address>0x78b9</load_address>
         <run_address>0x78b9</run_address>
         <size>0x118</size>
         <input_file_ref idref="fl-d3"/>
      </object_component>
      <object_component id="oc-39">
         <name>.debug_info</name>
         <load_address>0x79d1</load_address>
         <run_address>0x79d1</run_address>
         <size>0x11c</size>
         <input_file_ref idref="fl-d4"/>
      </object_component>
      <object_component id="oc-8d">
         <name>.debug_info</name>
         <load_address>0x7aed</load_address>
         <run_address>0x7aed</run_address>
         <size>0x14a</size>
         <input_file_ref idref="fl-d5"/>
      </object_component>
      <object_component id="oc-2ba">
         <name>.debug_info</name>
         <load_address>0x7c37</load_address>
         <run_address>0x7c37</run_address>
         <size>0x552</size>
         <input_file_ref idref="fl-d6"/>
      </object_component>
      <object_component id="oc-14d">
         <name>.debug_info</name>
         <load_address>0x8189</load_address>
         <run_address>0x8189</run_address>
         <size>0x1a6</size>
         <input_file_ref idref="fl-d6"/>
      </object_component>
      <object_component id="oc-37e">
         <name>.debug_info</name>
         <load_address>0x832f</load_address>
         <run_address>0x832f</run_address>
         <size>0x39</size>
         <input_file_ref idref="fl-d6"/>
      </object_component>
      <object_component id="oc-40c">
         <name>.debug_info</name>
         <load_address>0x8368</load_address>
         <run_address>0x8368</run_address>
         <size>0x39</size>
         <input_file_ref idref="fl-d6"/>
      </object_component>
      <object_component id="oc-383">
         <name>.debug_info</name>
         <load_address>0x83a1</load_address>
         <run_address>0x83a1</run_address>
         <size>0x39</size>
         <input_file_ref idref="fl-d6"/>
      </object_component>
      <object_component id="oc-388">
         <name>.debug_info</name>
         <load_address>0x83da</load_address>
         <run_address>0x83da</run_address>
         <size>0xcd</size>
         <input_file_ref idref="fl-d6"/>
      </object_component>
      <object_component id="oc-93">
         <name>.debug_info</name>
         <load_address>0x84a7</load_address>
         <run_address>0x84a7</run_address>
         <size>0x153</size>
         <input_file_ref idref="fl-d7"/>
      </object_component>
      <object_component id="oc-367">
         <name>.debug_info</name>
         <load_address>0x85fa</load_address>
         <run_address>0x85fa</run_address>
         <size>0x3a3</size>
         <input_file_ref idref="fl-d9"/>
      </object_component>
      <object_component id="oc-41d">
         <name>.debug_info</name>
         <load_address>0x899d</load_address>
         <run_address>0x899d</run_address>
         <size>0x28f</size>
         <input_file_ref idref="fl-da"/>
      </object_component>
      <object_component id="oc-3ad">
         <name>.debug_info</name>
         <load_address>0x8c2c</load_address>
         <run_address>0x8c2c</run_address>
         <size>0x24b</size>
         <input_file_ref idref="fl-da"/>
      </object_component>
      <object_component id="oc-343">
         <name>.debug_info</name>
         <load_address>0x8e77</load_address>
         <run_address>0x8e77</run_address>
         <size>0x24d</size>
         <input_file_ref idref="fl-db"/>
      </object_component>
      <object_component id="oc-27e">
         <name>.debug_info</name>
         <load_address>0x90c4</load_address>
         <run_address>0x90c4</run_address>
         <size>0x333</size>
         <input_file_ref idref="fl-db"/>
      </object_component>
      <object_component id="oc-284">
         <name>.debug_info</name>
         <load_address>0x93f7</load_address>
         <run_address>0x93f7</run_address>
         <size>0x2a0</size>
         <input_file_ref idref="fl-db"/>
      </object_component>
      <object_component id="oc-23a">
         <name>.debug_info</name>
         <load_address>0x9697</load_address>
         <run_address>0x9697</run_address>
         <size>0x2ff</size>
         <input_file_ref idref="fl-db"/>
      </object_component>
      <object_component id="oc-278">
         <name>.debug_info</name>
         <load_address>0x9996</load_address>
         <run_address>0x9996</run_address>
         <size>0x326</size>
         <input_file_ref idref="fl-db"/>
      </object_component>
      <object_component id="oc-22e">
         <name>.debug_info</name>
         <load_address>0x9cbc</load_address>
         <run_address>0x9cbc</run_address>
         <size>0x2a4</size>
         <input_file_ref idref="fl-db"/>
      </object_component>
      <object_component id="oc-234">
         <name>.debug_info</name>
         <load_address>0x9f60</load_address>
         <run_address>0x9f60</run_address>
         <size>0x2e7</size>
         <input_file_ref idref="fl-db"/>
      </object_component>
      <object_component id="oc-240">
         <name>.debug_info</name>
         <load_address>0xa247</load_address>
         <run_address>0xa247</run_address>
         <size>0x294</size>
         <input_file_ref idref="fl-db"/>
      </object_component>
      <object_component id="oc-2d0">
         <name>.debug_info</name>
         <load_address>0xa4db</load_address>
         <run_address>0xa4db</run_address>
         <size>0x18b</size>
         <input_file_ref idref="fl-db"/>
      </object_component>
      <object_component id="oc-2fa">
         <name>.debug_info</name>
         <load_address>0xa666</load_address>
         <run_address>0xa666</run_address>
         <size>0x240</size>
         <input_file_ref idref="fl-dc"/>
      </object_component>
      <object_component id="oc-2f7">
         <name>.debug_info</name>
         <load_address>0xa8a6</load_address>
         <run_address>0xa8a6</run_address>
         <size>0x15b</size>
         <input_file_ref idref="fl-dc"/>
      </object_component>
      <object_component id="oc-213">
         <name>.debug_info</name>
         <load_address>0xaa01</load_address>
         <run_address>0xaa01</run_address>
         <size>0x2a3</size>
         <input_file_ref idref="fl-dc"/>
      </object_component>
      <object_component id="oc-268">
         <name>.debug_info</name>
         <load_address>0xaca4</load_address>
         <run_address>0xaca4</run_address>
         <size>0x2b3</size>
         <input_file_ref idref="fl-dc"/>
      </object_component>
      <object_component id="oc-256">
         <name>.debug_info</name>
         <load_address>0xaf57</load_address>
         <run_address>0xaf57</run_address>
         <size>0x316</size>
         <input_file_ref idref="fl-dc"/>
      </object_component>
      <object_component id="oc-1e3">
         <name>.debug_info</name>
         <load_address>0xb26d</load_address>
         <run_address>0xb26d</run_address>
         <size>0x27b</size>
         <input_file_ref idref="fl-dc"/>
      </object_component>
      <object_component id="oc-28b">
         <name>.debug_info</name>
         <load_address>0xb4e8</load_address>
         <run_address>0xb4e8</run_address>
         <size>0x27d</size>
         <input_file_ref idref="fl-dc"/>
      </object_component>
      <object_component id="oc-20d">
         <name>.debug_info</name>
         <load_address>0xb765</load_address>
         <run_address>0xb765</run_address>
         <size>0x2b7</size>
         <input_file_ref idref="fl-dc"/>
      </object_component>
      <object_component id="oc-250">
         <name>.debug_info</name>
         <load_address>0xba1c</load_address>
         <run_address>0xba1c</run_address>
         <size>0x285</size>
         <input_file_ref idref="fl-dc"/>
      </object_component>
      <object_component id="oc-25d">
         <name>.debug_info</name>
         <load_address>0xbca1</load_address>
         <run_address>0xbca1</run_address>
         <size>0x27b</size>
         <input_file_ref idref="fl-dc"/>
      </object_component>
      <object_component id="oc-1de">
         <name>.debug_info</name>
         <load_address>0xbf1c</load_address>
         <run_address>0xbf1c</run_address>
         <size>0x280</size>
         <input_file_ref idref="fl-dc"/>
      </object_component>
      <object_component id="oc-3a0">
         <name>.debug_info</name>
         <load_address>0xc19c</load_address>
         <run_address>0xc19c</run_address>
         <size>0x20e</size>
         <input_file_ref idref="fl-dd"/>
      </object_component>
      <object_component id="oc-39d">
         <name>.debug_info</name>
         <load_address>0xc3aa</load_address>
         <run_address>0xc3aa</run_address>
         <size>0x157</size>
         <input_file_ref idref="fl-dd"/>
      </object_component>
      <object_component id="oc-2e6">
         <name>.debug_info</name>
         <load_address>0xc501</load_address>
         <run_address>0xc501</run_address>
         <size>0x2c1</size>
         <input_file_ref idref="fl-dd"/>
      </object_component>
      <object_component id="oc-2dd">
         <name>.debug_info</name>
         <load_address>0xc7c2</load_address>
         <run_address>0xc7c2</run_address>
         <size>0x298</size>
         <input_file_ref idref="fl-de"/>
      </object_component>
      <object_component id="oc-2df">
         <name>.debug_info</name>
         <load_address>0xca5a</load_address>
         <run_address>0xca5a</run_address>
         <size>0x14d</size>
         <input_file_ref idref="fl-de"/>
      </object_component>
      <object_component id="oc-274">
         <name>.debug_info</name>
         <load_address>0xcba7</load_address>
         <run_address>0xcba7</run_address>
         <size>0x27f</size>
         <input_file_ref idref="fl-de"/>
      </object_component>
      <object_component id="oc-1d9">
         <name>.debug_info</name>
         <load_address>0xce26</load_address>
         <run_address>0xce26</run_address>
         <size>0x27d</size>
         <input_file_ref idref="fl-de"/>
      </object_component>
      <object_component id="oc-1a7">
         <name>.debug_info</name>
         <load_address>0xd0a3</load_address>
         <run_address>0xd0a3</run_address>
         <size>0x2db</size>
         <input_file_ref idref="fl-de"/>
      </object_component>
      <object_component id="oc-1ad">
         <name>.debug_info</name>
         <load_address>0xd37e</load_address>
         <run_address>0xd37e</run_address>
         <size>0x2b5</size>
         <input_file_ref idref="fl-de"/>
      </object_component>
      <object_component id="oc-393">
         <name>.debug_info</name>
         <load_address>0xd633</load_address>
         <run_address>0xd633</run_address>
         <size>0x5f</size>
         <input_file_ref idref="fl-de"/>
      </object_component>
      <object_component id="oc-2d5">
         <name>.debug_info</name>
         <load_address>0xd692</load_address>
         <run_address>0xd692</run_address>
         <size>0x223</size>
         <input_file_ref idref="fl-df"/>
      </object_component>
      <object_component id="oc-194">
         <name>.debug_info</name>
         <load_address>0xd8b5</load_address>
         <run_address>0xd8b5</run_address>
         <size>0x2bc</size>
         <input_file_ref idref="fl-df"/>
      </object_component>
      <object_component id="oc-18e">
         <name>.debug_info</name>
         <load_address>0xdb71</load_address>
         <run_address>0xdb71</run_address>
         <size>0x2ba</size>
         <input_file_ref idref="fl-df"/>
      </object_component>
      <object_component id="oc-29d">
         <name>.debug_info</name>
         <load_address>0xde2b</load_address>
         <run_address>0xde2b</run_address>
         <size>0x27f</size>
         <input_file_ref idref="fl-df"/>
      </object_component>
      <object_component id="oc-297">
         <name>.debug_info</name>
         <load_address>0xe0aa</load_address>
         <run_address>0xe0aa</run_address>
         <size>0x2bc</size>
         <input_file_ref idref="fl-df"/>
      </object_component>
      <object_component id="oc-291">
         <name>.debug_info</name>
         <load_address>0xe366</load_address>
         <run_address>0xe366</run_address>
         <size>0x28c</size>
         <input_file_ref idref="fl-df"/>
      </object_component>
      <object_component id="oc-1ce">
         <name>.debug_info</name>
         <load_address>0xe5f2</load_address>
         <run_address>0xe5f2</run_address>
         <size>0x42f</size>
         <input_file_ref idref="fl-e1"/>
      </object_component>
      <object_component id="oc-1cb">
         <name>.debug_info</name>
         <load_address>0xea21</load_address>
         <run_address>0xea21</run_address>
         <size>0xd2</size>
         <input_file_ref idref="fl-e1"/>
      </object_component>
      <object_component id="oc-19b">
         <name>.debug_info</name>
         <load_address>0xeaf3</load_address>
         <run_address>0xeaf3</run_address>
         <size>0xfe</size>
         <input_file_ref idref="fl-e1"/>
      </object_component>
      <object_component id="oc-19e">
         <name>.debug_info</name>
         <load_address>0xebf1</load_address>
[...]
         <object_component_ref idref="oc-102"/>
      </symbol>
      <symbol id="sm-1fa">
         <name>ResetISR</name>
         <value>0x3f29</value>
         <object_component_ref idref="oc-24"/>
      </symbol>
      <symbol id="sm-1fb">
         <name>g_pfnVectors</name>
         <value>0x0</value>
         <object_component_ref idref="oc-f"/>
      </symbol>
      <symbol id="sm-20a">
         <name>__aeabi_idivmod</name>
         <value>0x3529</value>
         <object_component_ref idref="oc-ef"/>
      </symbol>
      <symbol id="sm-20b">
         <name>__aeabi_idiv</name>
         <value>0x3529</value>
         <object_component_ref idref="oc-ef"/>
      </symbol>
      <symbol id="sm-222">
         <name>__TI_zero_init</name>
         <value>0x3f1d</value>
         <object_component_ref idref="oc-4a"/>
      </symbol>
      <symbol id="sm-239">
         <name>__TI_decompress_none</name>
         <value>0x3f0f</value>
         <object_component_ref idref="oc-18"/>
      </symbol>
      <symbol id="sm-25c">
         <name>__TI_decompress_lzss</name>
         <value>0x33fb</value>
         <object_component_ref idref="oc-12"/>
      </symbol>
      <symbol id="sm-26f">
         <name>__stack</name>
         <value>0x20000270</value>
         <object_component_ref idref="oc-21"/>
      </symbol>
      <symbol id="sm-270">
         <name>_c_int00_noargs</name>
         <value>0x3b09</value>
         <object_component_ref idref="oc-56"/>
      </symbol>
      <symbol id="sm-27b">
         <name>C$$EXIT</name>
         <value>0x3f73</value>
         <object_component_ref idref="oc-13e"/>
      </symbol>
      <symbol id="sm-27c">
         <name>abort</name>
         <value>0x3f73</value>
         <object_component_ref idref="oc-13e"/>
      </symbol>
      <symbol id="sm-291">
         <name>_nop</name>
         <value>0x173f</value>
         <object_component_ref idref="oc-335"/>
      </symbol>
      <symbol id="sm-292">
         <name>_lock</name>
         <value>0x20000880</value>
         <object_component_ref idref="oc-21c"/>
      </symbol>
      <symbol id="sm-293">
         <name>_unlock</name>
         <value>0x20000884</value>
         <object_component_ref idref="oc-21c"/>
      </symbol>
      <symbol id="sm-2b9">
         <name>rand</name>
         <value>0x3bdd</value>
         <object_component_ref idref="oc-e9"/>
      </symbol>
      <symbol id="sm-2ba">
         <name>srand</name>
         <value>0x3cf1</value>
         <object_component_ref idref="oc-137"/>
      </symbol>
      <symbol id="sm-2d2">
         <name>__time32</name>
         <value>0x3f01</value>
         <object_component_ref idref="oc-131"/>
      </symbol>
      <symbol id="sm-2d3">
         <name>time</name>
         <value>0x3f01</value>
         <object_component_ref idref="oc-131"/>
      </symbol>
      <symbol id="sm-2eb">
         <name>HOSTtime</name>
         <value>0x3871</value>
         <object_component_ref idref="oc-2a3"/>
      </symbol>
      <symbol id="sm-30f">
         <name>__TI_readmsg</name>
         <value>0x3ba9</value>
         <object_component_ref idref="oc-360"/>
      </symbol>
      <symbol id="sm-310">
         <name>C$$IO$$</name>
         <value>0x3aff</value>
         <object_component_ref idref="oc-35a"/>
      </symbol>
      <symbol id="sm-311">
         <name>__CIOBUF_</name>
         <value>0x20000670</value>
         <object_component_ref idref="oc-3ff"/>
      </symbol>
      <symbol id="sm-312">
         <name>__TI_writemsg</name>
         <value>0x3ad1</value>
         <object_component_ref idref="oc-35a"/>
      </symbol>
      <symbol id="sm-31c">
         <name>__aeabi_idiv0</name>
         <value>0x24df</value>
         <object_component_ref idref="oc-223"/>
      </symbol>
      <symbol id="sm-31d">
         <name>__aeabi_ldiv0</name>
         <value>0x24df</value>
         <object_component_ref idref="oc-223"/>
      </symbol>
      <symbol id="sm-338">
         <name>memcpy</name>
         <value>0x2fcd</value>
         <object_component_ref idref="oc-38"/>
      </symbol>
      <symbol id="sm-339">
         <name>__aeabi_memcpy</name>
         <value>0x2fcd</value>
         <object_component_ref idref="oc-38"/>
      </symbol>
      <symbol id="sm-33a">
         <name>__aeabi_memcpy8</name>
         <value>0x2fcd</value>
         <object_component_ref idref="oc-38"/>
      </symbol>
      <symbol id="sm-33b">
         <name>__aeabi_memcpy4</name>
         <value>0x2fcd</value>
         <object_component_ref idref="oc-38"/>
      </symbol>
      <symbol id="sm-34a">
         <name>__aeabi_memset</name>
         <value>0x3315</value>
         <object_component_ref idref="oc-8c"/>
      </symbol>
      <symbol id="sm-34b">
         <name>memset</name>
         <value>0x331b</value>
         <object_component_ref idref="oc-8c"/>
      </symbol>
      <symbol id="sm-34c">
         <name>__aeabi_memset8</name>
         <value>0x3315</value>
         <object_component_ref idref="oc-8c"/>
      </symbol>
      <symbol id="sm-34d">
         <name>__aeabi_memset4</name>
         <value>0x3315</value>
         <object_component_ref idref="oc-8c"/>
      </symbol>
      <symbol id="sm-34e">
         <name>__aeabi_memclr8</name>
         <value>0x3313</value>
         <object_component_ref idref="oc-8c"/>
      </symbol>
      <symbol id="sm-34f">
         <name>__aeabi_memclr4</name>
         <value>0x3313</value>
         <object_component_ref idref="oc-8c"/>
      </symbol>
      <symbol id="sm-350">
         <name>__aeabi_memclr</name>
         <value>0x3313</value>
         <object_component_ref idref="oc-8c"/>
      </symbol>
      <symbol id="sm-378">
         <name>__TI_auto_init_nobinit_nopinit</name>
         <value>0x3991</value>
         <object_component_ref idref="oc-14a"/>
      </symbol>
      <symbol id="sm-382">
         <name>_system_pre_init</name>
         <value>0x3f6f</value>
         <object_component_ref idref="oc-92"/>
      </symbol>
      <symbol id="sm-389">
         <name>parmbuf</name>
         <value>0x20000810</value>
      </symbol>
      <symbol id="sm-397">
         <name>strlen</name>
         <value>0x3e55</value>
         <object_component_ref idref="oc-3a9"/>
      </symbol>
      <symbol id="sm-3e2">
         <name>ADCProcessorTrigger</name>
         <value>0x3d8d</value>
         <object_component_ref idref="oc-22d"/>
      </symbol>
      <symbol id="sm-3e3">
         <name>ADCSequenceEnable</name>
         <value>0x3ee5</value>
         <object_component_ref idref="oc-283"/>
      </symbol>
      <symbol id="sm-3e4">
         <name>ADCSequenceConfigure</name>
         <value>0x378b</value>
         <object_component_ref idref="oc-277"/>
      </symbol>
      <symbol id="sm-3e5">
         <name>ADCSequenceStepConfigure</name>
         <value>0x3299</value>
         <object_component_ref idref="oc-27d"/>
      </symbol>
      <symbol id="sm-3e6">
         <name>ADCIntClear</name>
         <value>0x3f35</value>
         <object_component_ref idref="oc-23f"/>
      </symbol>
      <symbol id="sm-3e7">
         <name>ADCIntStatus</name>
         <value>0x3c41</value>
         <object_component_ref idref="oc-233"/>
      </symbol>
      <symbol id="sm-3e8">
         <name>ADCSequenceDataGet</name>
         <value>0x3d35</value>
         <object_component_ref idref="oc-239"/>
      </symbol>
      <symbol id="sm-442">
         <name>GPIOPinConfigure</name>
         <value>0x3829</value>
         <object_component_ref idref="oc-1dc"/>
      </symbol>
      <symbol id="sm-443">
         <name>GPIOPinTypeGPIOInput</name>
         <value>0x3e69</value>
         <object_component_ref idref="oc-24f"/>
      </symbol>
      <symbol id="sm-444">
         <name>GPIOPinTypeUART</name>
         <value>0x3e8d</value>
         <object_component_ref idref="oc-1e2"/>
      </symbol>
      <symbol id="sm-445">
         <name>GPIOPinTypeGPIOOutput</name>
         <value>0x3da5</value>
         <object_component_ref idref="oc-20c"/>
      </symbol>
      <symbol id="sm-446">
         <name>GPIOPinRead</name>
         <value>0x3f5d</value>
         <object_component_ref idref="oc-25b"/>
      </symbol>
      <symbol id="sm-447">
         <name>GPIODirModeSet</name>
         <value>0x3c9d</value>
         <object_component_ref idref="oc-267"/>
      </symbol>
      <symbol id="sm-448">
         <name>GPIOPinWrite</name>
         <value>0x3f63</value>
         <object_component_ref idref="oc-212"/>
      </symbol>
      <symbol id="sm-449">
         <name>GPIOPadConfigSet</name>
         <value>0x2753</value>
         <object_component_ref idref="oc-255"/>
      </symbol>
      <symbol id="sm-44a">
         <name>GPIOPinTypeTimer</name>
         <value>0x3e7b</value>
         <object_component_ref idref="oc-28a"/>
      </symbol>
      <symbol id="sm-461">
         <name>IntRegister</name>
         <value>0x3b41</value>
         <object_component_ref idref="oc-2e4"/>
      </symbol>
      <symbol id="sm-462">
         <name>g_pfnRAMVectors</name>
         <value>0x20000000</value>
         <object_component_ref idref="oc-39c"/>
      </symbol>
      <symbol id="sm-4bf">
         <name>SysCtlClockSet</name>
         <value>0x2cc5</value>
         <object_component_ref idref="oc-1a6"/>
      </symbol>
      <symbol id="sm-4c0">
         <name>SysCtlDelay</name>
         <value>0x3f69</value>
         <object_component_ref idref="oc-1a5"/>
      </symbol>
      <symbol id="sm-4c1">
         <name>SysCtlPeripheralEnable</name>
         <value>0x3b75</value>
         <object_component_ref idref="oc-1d6"/>
      </symbol>
      <symbol id="sm-4c2">
         <name>SysCtlClockGet</name>
         <value>0x29a9</value>
         <object_component_ref idref="oc-1ac"/>
      </symbol>
      <symbol id="sm-4c3">
         <name>SysCtlPeripheralReady</name>
         <value>0x3a99</value>
         <object_component_ref idref="oc-271"/>
      </symbol>
      <symbol id="sm-4f7">
         <name>TimerMatchSet</name>
         <value>0x3eb1</value>
         <object_component_ref idref="oc-193"/>
      </symbol>
      <symbol id="sm-4f8">
         <name>TimerLoadSet</name>
         <value>0x3e9f</value>
         <object_component_ref idref="oc-18d"/>
      </symbol>
      <symbol id="sm-4f9">
         <name>TimerControlLevel</name>
         <value>0x3dbd</value>
         <object_component_ref idref="oc-296"/>
      </symbol>
      <symbol id="sm-4fa">
         <name>TimerEnable</name>
         <value>0x3ef3</value>
         <object_component_ref idref="oc-29c"/>
      </symbol>
      <symbol id="sm-4fb">
         <name>TimerConfigure</name>
         <value>0x34c9</value>
         <object_component_ref idref="oc-290"/>
      </symbol>
      <symbol id="sm-55e">
         <name>schdExecute</name>
         <value>0x18e9</value>
         <object_component_ref idref="oc-cb"/>
      </symbol>
      <symbol id="sm-55f">
         <name>sysTimeWaitAbsolute</name>
         <value>0x1823</value>
         <object_component_ref idref="oc-cb"/>
      </symbol>
      <symbol id="sm-560">
         <name>lpInit</name>
         <value>0x1a4b</value>
         <object_component_ref idref="oc-cb"/>
      </symbol>
      <symbol id="sm-561">
         <name>sysTimeGet</name>
         <value>0x17d3</value>
         <object_component_ref idref="oc-cb"/>
      </symbol>
      <symbol id="sm-562">
         <name>sysTimeReached</name>
         <value>0x17d9</value>
         <object_component_ref idref="oc-cb"/>
      </symbol>
      <symbol id="sm-563">
         <name>waitUs</name>
         <value>0x1a1d</value>
         <object_component_ref idref="oc-cb"/>
      </symbol>
      <symbol id="sm-564">
         <name>sysTimeWait</name>
         <value>0x17ff</value>
         <object_component_ref idref="oc-cb"/>
      </symbol>
      <symbol id="sm-565">
         <name>schdCallback</name>
         <value>0x186f</value>
         <object_component_ref idref="oc-cb"/>
      </symbol>
      <symbol id="sm-566">
         <name>waitMs</name>
         <value>0x19ed</value>
         <object_component_ref idref="oc-cb"/>
      </symbol>
      <symbol id="sm-581">
         <name>ledInit</name>
         <value>0x2f53</value>
         <object_component_ref idref="oc-e2"/>
      </symbol>
      <symbol id="sm-582">
         <name>ledInitForced</name>
         <value>0x2f31</value>
         <object_component_ref idref="oc-e2"/>
      </symbol>
      <symbol id="sm-583">
         <name>ledTurnOnOff</name>
         <value>0x2f67</value>
         <object_component_ref idref="oc-e2"/>
      </symbol>
      <symbol id="sm-5a1">
         <name>pbInitForced</name>
         <value>0x3101</value>
         <object_component_ref idref="oc-110"/>
      </symbol>
      <symbol id="sm-5a2">
         <name>pbInit</name>
         <value>0x3135</value>
         <object_component_ref idref="oc-110"/>
      </symbol>
      <symbol id="sm-5a3">
         <name>pbRead</name>
         <value>0x3149</value>
         <object_component_ref idref="oc-110"/>
      </symbol>
      <symbol id="sm-5ba">
         <name>uartPutString</name>
         <value>0x2e17</value>
         <object_component_ref idref="oc-d4"/>
      </symbol>
      <symbol id="sm-5bb">
         <name>uprintf</name>
         <value>0x2e43</value>
         <object_component_ref idref="oc-d4"/>
      </symbol>
      <symbol id="sm-5bc">
         <name>uartInit</name>
         <value>0x2db9</value>
         <object_component_ref idref="oc-d4"/>
      </symbol>
      <symbol id="sm-5bd">
         <name>uartPutChar</name>
         <value>0x2df3</value>
         <object_component_ref idref="oc-d4"/>
      </symbol>
      <symbol id="sm-5be">
         <name>uartGetChar</name>
         <value>0x2e05</value>
         <object_component_ref idref="oc-d4"/>
      </symbol>
      <symbol id="sm-5cb">
         <name>__aeabi_uldivmod</name>
         <value>0x3069</value>
         <object_component_ref idref="oc-1a0"/>
      </symbol>
      <symbol id="sm-5fa">
         <name>vsnprintf</name>
         <value>0x3a19</value>
         <object_component_ref idref="oc-1fa"/>
      </symbol>
      <symbol id="sm-75f">
         <name>__TI_printfi</name>
         <value>0xce1</value>
         <object_component_ref idref="oc-30c"/>
      </symbol>
      <symbol id="sm-775">
         <name>atoi</name>
         <value>0x37dd</value>
         <object_component_ref idref="oc-3af"/>
      </symbol>
      <symbol id="sm-780">
         <name>_ctypes_</name>
         <value>0x3f78</value>
         <object_component_ref idref="oc-41e"/>
      </symbol>
      <symbol id="sm-78f">
         <name>ltoa</name>
         <value>0x363b</value>
         <object_component_ref idref="oc-439"/>
      </symbol>
      <symbol id="sm-79f">
         <name>memccpy</name>
         <value>0x3d71</value>
         <object_component_ref idref="oc-3d8"/>
      </symbol>
      <symbol id="sm-7af">
         <name>strchr</name>
         <value>0x3ded</value>
         <object_component_ref idref="oc-470"/>
      </symbol>
      <symbol id="sm-7c8">
         <name>wcslen</name>
         <value>0x3ec3</value>
         <object_component_ref idref="oc-3de"/>
      </symbol>
      <symbol id="sm-7e8">
         <name>frexpl</name>
         <value>0x3465</value>
         <object_component_ref idref="oc-464"/>
      </symbol>
      <symbol id="sm-7e9">
         <name>frexp</name>
         <value>0x3465</value>
         <object_component_ref idref="oc-464"/>
      </symbol>
      <symbol id="sm-806">
         <name>scalbn</name>
         <value>0x2ab9</value>
         <object_component_ref idref="oc-46a"/>
      </symbol>
      <symbol id="sm-807">
         <name>scalbnl</name>
         <value>0x2ab9</value>
         <object_component_ref idref="oc-46a"/>
      </symbol>
      <symbol id="sm-808">
         <name>ldexpl</name>
         <value>0x2ab9</value>
         <object_component_ref idref="oc-46a"/>
      </symbol>
      <symbol id="sm-809">
         <name>ldexp</name>
         <value>0x2ab9</value>
         <object_component_ref idref="oc-46a"/>
      </symbol>
      <symbol id="sm-820">
         <name>__aeabi_dsub</name>
         <value>0x2329</value>
         <object_component_ref idref="oc-444"/>
      </symbol>
      <symbol id="sm-821">
         <name>__aeabi_dadd</name>
         <value>0x2333</value>
         <object_component_ref idref="oc-444"/>
      </symbol>
      <symbol id="sm-843">
         <name>__aeabi_cdcmpeq</name>
         <value>0x318d</value>
         <object_component_ref idref="oc-3bb"/>
      </symbol>
      <symbol id="sm-844">
         <name>__aeabi_cdcmple</name>
         <value>0x318d</value>
         <object_component_ref idref="oc-3bb"/>
      </symbol>
      <symbol id="sm-845">
         <name>__aeabi_cdrcmple</name>
         <value>0x3213</value>
         <object_component_ref idref="oc-42f"/>
      </symbol>
      <symbol id="sm-859">
         <name>__aeabi_ddiv</name>
         <value>0x261d</value>
         <object_component_ref idref="oc-42a"/>
      </symbol>
      <symbol id="sm-864">
         <name>__aeabi_dmul</name>
         <value>0x2bc9</value>
         <object_component_ref idref="oc-425"/>
      </symbol>
      <symbol id="sm-86e">
         <name>__aeabi_d2iz</name>
         <value>0x3901</value>
         <object_component_ref idref="oc-434"/>
      </symbol>
      <symbol id="sm-878">
         <name>__aeabi_i2d</name>
         <value>0x3c6f</value>
         <object_component_ref idref="oc-43f"/>
      </symbol>
      <symbol id="sm-88e">
         <name>__aeabi_errno_addr</name>
         <value>0x3f55</value>
         <object_component_ref idref="oc-3e4"/>
      </symbol>
      <symbol id="sm-88f">
         <name>errno</name>
         <value>0x200008ac</value>
         <object_component_ref idref="oc-480"/>
      </symbol>
      <symbol id="sm-899">
         <name>copysign</name>
         <value>0x3e41</value>
         <object_component_ref idref="oc-4af"/>
      </symbol>
      <symbol id="sm-89a">
         <name>copysignl</name>
         <value>0x3e41</value>
         <object_component_ref idref="oc-4af"/>
      </symbol>
      <symbol id="sm-8c7">
         <name>SysTickEnable</name>
         <value>0x3e05</value>
         <object_component_ref idref="oc-1c4"/>
      </symbol>
      <symbol id="sm-8c8">
         <name>SysTickIntRegister</name>
         <value>0x3d55</value>
         <object_component_ref idref="oc-1b8"/>
      </symbol>
      <symbol id="sm-8c9">
         <name>SysTickIntEnable</name>
         <value>0x3e19</value>
         <object_component_ref idref="oc-1be"/>
      </symbol>
      <symbol id="sm-8ca">
         <name>SysTickPeriodSet</name>
         <value>0x3ed5</value>
         <object_component_ref idref="oc-1b2"/>
      </symbol>
      <symbol id="sm-8fd">
         <name>UARTConfigSetExpClk</name>
         <value>0x3949</value>
         <object_component_ref idref="oc-1e8"/>
      </symbol>
      <symbol id="sm-8fe">
         <name>UARTDisable</name>
         <value>0x3d15</value>
         <object_component_ref idref="oc-2fc"/>
      </symbol>
      <symbol id="sm-8ff">
         <name>UARTCharPut</name>
         <value>0x3f49</value>
         <object_component_ref idref="oc-1ee"/>
      </symbol>
      <symbol id="sm-900">
         <name>UARTEnable</name>
         <value>0x3e2d</value>
         <object_component_ref idref="oc-302"/>
      </symbol>
      <symbol id="sm-901">
         <name>UARTCharGet</name>
         <value>0x3f3f</value>
         <object_component_ref idref="oc-1f4"/>
      </symbol>
      <symbol id="sm-902">
         <name>__TI_static_base__</name>
         <value>0x0</value>
      </symbol>
      <symbol id="sm-905">
         <name>__mpu_init</name>
         <value>0x0</value>
      </symbol>
      <symbol id="sm-906">
         <name>_system_post_cinit</name>
         <value>0x0</value>
      </symbol>
   </symbol_table>
   <title>Link successful</title>
</link_info>
