******************************************************************************
                  TI ARM Linker PC v18.1.4                     
******************************************************************************
>> Linked Tue Apr 23 10:16:05 2019

OUTPUT FILE NAME:   <FINAL PROJECT - CRACK THE CODE GAME.out>
ENTRY POINT SYMBOL: "_c_int00_noargs"  address: 00003b09


MEMORY CONFIGURATION

         name            origin    length      used     unused   attr    fill
----------------------  --------  ---------  --------  --------  ----  --------
  FLASH                 00000000   00040000  00004206  0003bdfa  R  X
  SRAM                  20000000   00008000  000008b0  00007750  RW X


SEGMENT ALLOCATION MAP

run origin  load origin   length   init length attrs members
----------  ----------- ---------- ----------- ----- -------
00000000    00000000    00004208   00004208    r-x
  00000000    00000000    0000026c   0000026c    r-- .intvecs
  0000026c    0000026c    00003d0a   00003d0a    r-x .text
  00003f78    00003f78    00000200   00000200    r-- .const
  00004178    00004178    00000090   00000090    r-- .cinit
20000000    20000000    000008b4   00000000    rw-
  20000000    20000000    0000026c   00000000    rw- .vtable
  20000270    20000270    00000400   00000000    rw- .stack
  20000670    20000670    000001c4   00000000    rw- .bss
  20000834    20000834    00000080   00000000    rw- .data


SECTION ALLOCATION MAP

 output                                  attributes/
section   page    origin      length       input sections
--------  ----  ----------  ----------   ----------------
.intvecs   0    00000000    0000026c     
                  00000000    0000026c     tm4c123gh6pm_startup_ccs.obj (.intvecs)

.text      0    0000026c    00003d0a     
                  0000026c    00000a74     main(6).obj (.text)
                  00000ce0    00000a5e     rtsv7M4_T_le_v4SPD16_eabi.lib : _printfi.c.obj (.text:__TI_printfi)
                  0000173e    00000002                                   : _lock.c.obj (.text:_nop)
                  00001740    000003d0     Util.lib : launchpad.obj (.text)
                  00001b10    00000270     rtsv7M4_T_le_v4SPD16_eabi.lib : _printfi.c.obj (.text:_pconv_a)
                  00001d80    000001fc     seg7(1).obj (.text)
                  00001f7c    000001dc     seg7(2).obj (.text)
                  00002158    000001d0     rtsv7M4_T_le_v4SPD16_eabi.lib : _printfi.c.obj (.text:_pconv_g)
                  00002328    000001b6                                   : fd_add_t2.asm.obj (.text)
                  000024de    00000002                                   : div0.asm.obj (.text)
                  000024e0    0000013c                                   : _printfi.c.obj (.text:_pconv_e)
                  0000261c    00000136                                   : fd_div_t2.asm.obj (.text)
                  00002752    00000132     driverlib.lib : gpio.obj (.text:GPIOPadConfigSet)
                  00002884    00000124     rtsv7M4_T_le_v4SPD16_eabi.lib : _printfi.c.obj (.text:fcvt)
                  000029a8    00000110     driverlib.lib : sysctl.obj (.text:SysCtlClockGet)
                  00002ab8    00000110     rtsv7M4_T_le_v4SPD16_eabi.lib : s_scalbn.c.obj (.text:scalbn)
                  00002bc8    000000fc                                   : fd_mul_t2.asm.obj (.text)
                  00002cc4    000000f4     driverlib.lib : sysctl.obj (.text:SysCtlClockSet)
                  00002db8    000000c4     Util.lib : uart.obj (.text)
                  00002e7c    000000b1     rtsv7M4_T_le_v4SPD16_eabi.lib : _printfi.c.obj (.text:_ltostr)
                  00002f2d    00000003     --HOLE-- [fill = 0]
                  00002f30    0000009c     Util.lib : led.obj (.text)
                  00002fcc    0000009c     rtsv7M4_T_le_v4SPD16_eabi.lib : memcpy_t2.asm.obj (.text)
                  00003068    00000096                                   : ull_div_t2.asm.obj (.text)
                  000030fe    00000002     --HOLE-- [fill = 0]
                  00003100    0000008c     Util.lib : pushbutton.obj (.text)
                  0000318c    00000086     rtsv7M4_T_le_v4SPD16_eabi.lib : fd_cmp_t2.asm.obj (.text:__aeabi_cdcmple)
                  00003212    00000086                                   : fd_cmp_t2.asm.obj (.text:__aeabi_cdrcmple)
                  00003298    0000007a     driverlib.lib : adc.obj (.text:ADCSequenceStepConfigure)
                  00003312    0000007a     rtsv7M4_T_le_v4SPD16_eabi.lib : memset_t2.asm.obj (.text)
                  0000338c    0000006e                                   : _printfi.c.obj (.text:_mcpy)
                  000033fa    00000068                                   : copy_decompress_lzss.c.obj (.text:decompress:lzss:__TI_decompress_lzss)
                  00003462    00000002     --HOLE-- [fill = 0]
                  00003464    00000064                                   : s_frexp.c.obj (.text:frexp)
                  000034c8    00000060     driverlib.lib : timer.obj (.text:TimerConfigure)
                  00003528    0000005e     rtsv7M4_T_le_v4SPD16_eabi.lib : i_divt2.asm.obj (.text)
                  00003586    00000002     --HOLE-- [fill = 0]
                  00003588    0000005c     pwmbuzzer.obj (.text)
                  000035e4    00000056     rtsv7M4_T_le_v4SPD16_eabi.lib : _printfi.c.obj (.text:_pconv_f)
                  0000363a    00000054                                   : ltoa.c.obj (.text:ltoa)
                  0000368e    00000002     --HOLE-- [fill = 0]
                  00003690    00000054     seg7digit_2_asm.obj (.text)
                  000036e4    00000054     sig7digit.obj (.text)
                  00003738    00000052     rtsv7M4_T_le_v4SPD16_eabi.lib : _printfi.c.obj (.text:_ecpy)
                  0000378a    00000050     driverlib.lib : adc.obj (.text:ADCSequenceConfigure)
                  000037da    00000002     --HOLE-- [fill = 0]
                  000037dc    0000004c     rtsv7M4_T_le_v4SPD16_eabi.lib : atoi.c.obj (.text:atoi)
                  00003828    00000048     driverlib.lib : gpio.obj (.text:GPIOPinConfigure)
                  00003870    00000048     rtsv7M4_T_le_v4SPD16_eabi.lib : hosttime.c.obj (.text:HOSTtime)
                  000038b8    00000048     ras.obj (.text)
                  00003900    00000048     rtsv7M4_T_le_v4SPD16_eabi.lib : fd_toi_t2.asm.obj (.text)
                  00003948    00000046     driverlib.lib : uart.obj (.text:UARTConfigSetExpClk)
                  0000398e    00000002     --HOLE-- [fill = 0]
                  00003990    00000044     rtsv7M4_T_le_v4SPD16_eabi.lib : autoinit.c.obj (.text:__TI_auto_init_nobinit_nopinit:__TI_auto_init_nobinit_nopinit)
                  000039d4    00000042     ras_asm.obj (.text)
                  00003a16    00000002     --HOLE-- [fill = 0]
                  00003a18    00000040     rtsv7M4_T_le_v4SPD16_eabi.lib : vsnprintf.c.obj (.text:vsnprintf)
                  00003a58    0000003e                                   : _printfi.c.obj (.text:_fcpy)
                  00003a96    00000002     --HOLE-- [fill = 0]
                  00003a98    00000038     driverlib.lib : sysctl.obj (.text:SysCtlPeripheralReady)
                  00003ad0    00000038     rtsv7M4_T_le_v4SPD16_eabi.lib : trgmsg.c.obj (.text:__TI_writemsg)
                  00003b08    00000038                                   : boot_cortex_m.c.obj (.text:_c_int00_noargs:_c_int00_noargs)
                  00003b40    00000034     driverlib.lib : interrupt.obj (.text:IntRegister)
                  00003b74    00000034                   : sysctl.obj (.text:SysCtlPeripheralEnable)
                  00003ba8    00000034     rtsv7M4_T_le_v4SPD16_eabi.lib : trgmsg.c.obj (.text:__TI_readmsg)
                  00003bdc    00000034                                   : rand.c.obj (.text:rand)
                  00003c10    00000030                                   : vsnprintf.c.obj (.text:_outs)
                  00003c40    0000002e     driverlib.lib : adc.obj (.text:ADCIntStatus)
                  00003c6e    0000002e     rtsv7M4_T_le_v4SPD16_eabi.lib : i_tofd_t2.asm.obj (.text)
                  00003c9c    0000002a     driverlib.lib : gpio.obj (.text:GPIODirModeSet)
                  00003cc6    00000002     --HOLE-- [fill = 0]
                  00003cc8    00000028     pwmbuzzer_asm.obj (.text)
                  00003cf0    00000024     rtsv7M4_T_le_v4SPD16_eabi.lib : rand.c.obj (.text:srand)
                  00003d14    00000020     driverlib.lib : uart.obj (.text:UARTDisable)
                  00003d34    0000001e                   : adc.obj (.text:ADCSequenceDataGet)
                  00003d52    00000002     --HOLE-- [fill = 0]
                  00003d54    0000001c                   : systick.obj (.text:SysTickIntRegister)
                  00003d70    0000001c     rtsv7M4_T_le_v4SPD16_eabi.lib : memccpy.c.obj (.text:memccpy)
                  00003d8c    00000018     driverlib.lib : adc.obj (.text:ADCProcessorTrigger)
                  00003da4    00000018                   : gpio.obj (.text:GPIOPinTypeGPIOOutput)
                  00003dbc    00000018                   : timer.obj (.text:TimerControlLevel)
                  00003dd4    00000018     rtsv7M4_T_le_v4SPD16_eabi.lib : vsnprintf.c.obj (.text:_outc)
                  00003dec    00000016                                   : strchr.c.obj (.text:strchr)
                  00003e02    00000002     --HOLE-- [fill = 0]
                  00003e04    00000014     driverlib.lib : systick.obj (.text:SysTickEnable)
                  00003e18    00000014                   : systick.obj (.text:SysTickIntEnable)
                  00003e2c    00000014                   : uart.obj (.text:UARTEnable)
                  00003e40    00000014     rtsv7M4_T_le_v4SPD16_eabi.lib : s_copysign.c.obj (.text:copysign)
                  00003e54    00000014                                   : strlen.c.obj (.text:strlen)
                  00003e68    00000012     driverlib.lib : gpio.obj (.text:GPIOPinTypeGPIOInput)
                  00003e7a    00000012                   : gpio.obj (.text:GPIOPinTypeTimer)
                  00003e8c    00000012                   : gpio.obj (.text:GPIOPinTypeUART)
                  00003e9e    00000012                   : timer.obj (.text:TimerLoadSet)
                  00003eb0    00000012                   : timer.obj (.text:TimerMatchSet)
                  00003ec2    00000012     rtsv7M4_T_le_v4SPD16_eabi.lib : wcslen.c.obj (.text:wcslen)
                  00003ed4    00000010     driverlib.lib : systick.obj (.text:SysTickPeriodSet)
                  00003ee4    0000000e                   : adc.obj (.text:ADCSequenceEnable)
                  00003ef2    0000000e                   : timer.obj (.text:TimerEnable)
                  00003f00    0000000e     rtsv7M4_T_le_v4SPD16_eabi.lib : time.c.obj (.text:__time32)
                  00003f0e    0000000e                                   : copy_decompress_none.c.obj (.text:decompress:none:__TI_decompress_none)
                  00003f1c    0000000c                                   : copy_zero_init.c.obj (.text:decompress:ZI:__TI_zero_init)
                  00003f28    0000000c     tm4c123gh6pm_startup_ccs.obj (.text)
                  00003f34    0000000a     driverlib.lib : adc.obj (.text:ADCIntClear)
                  00003f3e    0000000a                   : uart.obj (.text:UARTCharGet)
                  00003f48    0000000a                   : uart.obj (.text:UARTCharPut)
                  00003f52    00000002     --HOLE-- [fill = 0]
                  00003f54    00000008     rtsv7M4_T_le_v4SPD16_eabi.lib : errno.c.obj (.text:__aeabi_errno_addr)
                  00003f5c    00000006     driverlib.lib : gpio.obj (.text:GPIOPinRead)
                  00003f62    00000006                   : gpio.obj (.text:GPIOPinWrite)
                  00003f68    00000006                   : sysctl.obj (.text:SysCtlDelay)
                  00003f6e    00000004     rtsv7M4_T_le_v4SPD16_eabi.lib : pre_init.c.obj (.text:_system_pre_init)
                  00003f72    00000004                                   : exit.c.obj (.text:abort:abort)

.const     0    00003f78    00000200     
                  00003f78    00000101     rtsv7M4_T_le_v4SPD16_eabi.lib : ctype.c.obj (.const:.string:_ctypes_)
                  00004079    00000003     --HOLE-- [fill = 0]
                  0000407c    00000090     driverlib.lib : gpio.obj (.const:g_pui32GPIOBaseAddrs)
                  0000410c    0000006c                   : sysctl.obj (.const:g_pui32Xtals)

.cinit     0    00004178    00000090     
                  00004178    0000005a     (.cinit..data.load) [load image, compression = lzss]
                  000041d2    00000002     --HOLE-- [fill = 0]
                  000041d4    0000000c     (__TI_handler_table)
                  000041e0    00000008     (.cinit..bss.load) [load image, compression = zero_init]
                  000041e8    00000008     (.cinit..vtable.load) [load image, compression = zero_init]
                  000041f0    00000018     (__TI_cinit_table)

.init_array 
*          0    00000000    00000000     UNINITIALIZED

.vtable    0    20000000    0000026c     UNINITIALIZED
                  20000000    0000026c     driverlib.lib : interrupt.obj (.vtable)

.bss       0    20000670    000001c4     UNINITIALIZED
                  20000670    00000120     rtsv7M4_T_le_v4SPD16_eabi.lib : trgmsg.c.obj (.bss:_CIOBUF_)
                  20000790    00000080     Util.lib : launchpad.obj (.bss:callbackHeap)
                  20000810    00000008     (.common:parmbuf)
                  20000818    00000004              : launchpad.obj (.bss)
                  2000081c    00000004     seg7digit_2_asm.obj (.bss)
                  20000820    00000004     sig7digit.obj (.bss)
                  20000824    00000004     (.common:angle1)
                  20000828    00000004     (.common:angle2)
                  2000082c    00000004     (.common:buzzDelay)
                  20000830    00000004     (.common:savedNumber)

.data      0    20000834    00000080     UNINITIALIZED
                  20000834    00000020     main(6).obj (.data:tone)
                  20000854    0000000c     main(6).obj (.data:game)
                  20000860    0000000c     main(6).obj (.data)
                  2000086c    0000000a     seg7digit_2_asm.obj (.data)
                  20000876    0000000a     sig7digit.obj (.data)
                  20000880    00000008     rtsv7M4_T_le_v4SPD16_eabi.lib : _lock.c.obj (.data:$O1$$)
                  20000888    00000008     Util.lib : launchpad.obj (.data)
                  20000890    00000008     main(6).obj (.data:dataArray)
                  20000898    00000005     main(6).obj (.data:seg7Display)
                  2000089d    00000005     main(6).obj (.data:timer_Display)
                  200008a2    00000004     main(6).obj (.data:oldValues)
                  200008a6    00000004     main(6).obj (.data:randomNum)
                  200008aa    00000001     Util.lib : led.obj (.data)
                  200008ab    00000001              : pushbutton.obj (.data)
                  200008ac    00000004     rtsv7M4_T_le_v4SPD16_eabi.lib : errno.c.obj (.data)
                  200008b0    00000004                                   : rand.c.obj (.data)

.stack     0    20000270    00000400     UNINITIALIZED
                  20000270    00000004     rtsv7M4_T_le_v4SPD16_eabi.lib : boot_cortex_m.c.obj (.stack)
                  20000274    000003fc     --HOLE--

MODULE SUMMARY

       Module                         code    ro data   rw data
       ------                         ----    -------   -------
    .\
       main(6).obj                    2676    0         98     
       tm4c123gh6pm_startup_ccs.obj   12      620       0      
       seg7(1).obj                    508     0         0      
       seg7(2).obj                    476     0         0      
       seg7digit_2_asm.obj            84      0         14     
       sig7digit.obj                  84      0         14     
       pwmbuzzer.obj                  92      0         0      
       ras.obj                        72      0         0      
       ras_asm.obj                    66      0         0      
       pwmbuzzer_asm.obj              40      0         0      
    +--+------------------------------+-------+---------+---------+
       Total:                         4110    620       126    
                                                               
    C:/Users/hazar/Desktop/LAB 1 ECE 266/Util/Debug/Util.lib
       launchpad.obj                  976     0         140    
       uart.obj                       196     0         0      
       led.obj                        156     0         1      
       pushbutton.obj                 140     0         1      
    +--+------------------------------+-------+---------+---------+
       Total:                         1468    0         142    
                                                               
    C:/ti/TivaWare_C_Series-2.1.4.178/driverlib/ccs/Debug/driverlib.lib
       sysctl.obj                     630     108       0      
       interrupt.obj                  52      0         620    
       gpio.obj                       510     144       0      
       adc.obj                        326     0         0      
       timer.obj                      170     0         0      
       uart.obj                       142     0         0      
       systick.obj                    84      0         0      
    +--+------------------------------+-------+---------+---------+
       Total:                         1914    252       620    
                                                               
    C:\ti\ccsv8\tools\compiler\ti-cgt-arm_18.1.4.LTS\lib\rtsv7M4_T_le_v4SPD16_eabi.lib
       _printfi.c.obj                 4867    0         0      
       fd_add_t2.asm.obj              438     0         0      
       trgmsg.c.obj                   108     0         288    
       fd_div_t2.asm.obj              310     0         0      
       s_scalbn.c.obj                 272     0         0      
       fd_cmp_t2.asm.obj              268     0         0      
       ctype.c.obj                    0       257       0      
       fd_mul_t2.asm.obj              252     0         0      
       memcpy_t2.asm.obj              156     0         0      
       ull_div_t2.asm.obj             150     0         0      
       vsnprintf.c.obj                136     0         0      
       memset_t2.asm.obj              122     0         0      
       copy_decompress_lzss.c.obj     104     0         0      
       s_frexp.c.obj                  100     0         0      
       i_divt2.asm.obj                94      0         0      
       rand.c.obj                     88      0         4      
       ltoa.c.obj                     84      0         0      
       atoi.c.obj                     76      0         0      
       fd_toi_t2.asm.obj              72      0         0      
       hosttime.c.obj                 72      0         0      
       autoinit.c.obj                 68      0         0      
       boot_cortex_m.c.obj            56      0         0      
       i_tofd_t2.asm.obj              46      0         0      
       memccpy.c.obj                  28      0         0      
       strchr.c.obj                   22      0         0      
       s_copysign.c.obj               20      0         0      
       strlen.c.obj                   20      0         0      
       wcslen.c.obj                   18      0         0      
       copy_decompress_none.c.obj     14      0         0      
       time.c.obj                     14      0         0      
       copy_zero_init.c.obj           12      0         0      
       errno.c.obj                    8       0         4      
       _lock.c.obj                    2       0         8      
       hostopen.c.obj                 0       0         8      
       exit.c.obj                     4       0         0      
       pre_init.c.obj                 4       0         0      
       div0.asm.obj                   2       0         0      
    +--+------------------------------+-------+---------+---------+
       Total:                         8107    257       312    
                                                               
       Stack:                         0       0         1024   
       Linker Generated:              0       142       0      
    +--+------------------------------+-------+---------+---------+
       Grand Total:                   15599   1271      2224   


LINKER GENERATED COPY TABLES

__TI_cinit_table @ 000041f0 records: 3, size/record: 8, table size: 24
	.data: load addr=00004178, load size=0000005a bytes, run addr=20000834, run size=00000080 bytes, compression=lzss
	.bss: load addr=000041e0, load size=00000008 bytes, run addr=20000670, run size=000001c4 bytes, compression=zero_init
	.vtable: load addr=000041e8, load size=00000008 bytes, run addr=20000000, run size=0000026c bytes, compression=zero_init


LINKER GENERATED HANDLER TABLE

__TI_handler_table @ 000041d4 records: 3, size/record: 4, table size: 12
	index: 0, handler: __TI_zero_init
	index: 1, handler: __TI_decompress_lzss
	index: 2, handler: __TI_decompress_none


GLOBAL SYMBOLS: SORTED ALPHABETICALLY BY Name 

address   name                          
-------   ----                          
00003f35  ADCIntClear                   
00003c41  ADCIntStatus                  
00003d8d  ADCProcessorTrigger           
0000378b  ADCSequenceConfigure          
00003d35  ADCSequenceDataGet            
00003ee5  ADCSequenceEnable             
00003299  ADCSequenceStepConfigure      
00003f73  C$$EXIT                       
00003aff  C$$IO$$                       
00003c9d  GPIODirModeSet                
00002753  GPIOPadConfigSet              
00003829  GPIOPinConfigure              
00003f5d  GPIOPinRead                   
00003e69  GPIOPinTypeGPIOInput          
00003da5  GPIOPinTypeGPIOOutput         
00003e7b  GPIOPinTypeTimer              
00003e8d  GPIOPinTypeUART               
00003f63  GPIOPinWrite                  
00003871  HOSTtime                      
00003b41  IntRegister                   
00003f29  ResetISR                      
000029a9  SysCtlClockGet                
00002cc5  SysCtlClockSet                
00003f69  SysCtlDelay                   
00003b75  SysCtlPeripheralEnable        
00003a99  SysCtlPeripheralReady         
00003e05  SysTickEnable                 
00003e19  SysTickIntEnable              
00003d55  SysTickIntRegister            
00003ed5  SysTickPeriodSet              
000034c9  TimerConfigure                
00003dbd  TimerControlLevel             
00003ef3  TimerEnable                   
00003e9f  TimerLoadSet                  
00003eb1  TimerMatchSet                 
00003f3f  UARTCharGet                   
00003f49  UARTCharPut                   
00003949  UARTConfigSetExpClk           
00003d15  UARTDisable                   
00003e2d  UARTEnable                    
20000670  __CIOBUF_                     
20000670  __STACK_END                   
00000400  __STACK_SIZE                  
20000470  __STACK_TOP                   
000041f0  __TI_CINIT_Base               
00004208  __TI_CINIT_Limit              
000041d4  __TI_Handler_Table_Base       
000041e0  __TI_Handler_Table_Limit      
00003991  __TI_auto_init_nobinit_nopinit
000033fb  __TI_decompress_lzss          
00003f0f  __TI_decompress_none          
ffffffff  __TI_pprof_out_hndl           
00000ce1  __TI_printfi                  
ffffffff  __TI_prof_data_size           
ffffffff  __TI_prof_data_start          
00003ba9  __TI_readmsg                  
00000000  __TI_static_base__            
00003ad1  __TI_writemsg                 
00003f1d  __TI_zero_init                
0000318d  __aeabi_cdcmpeq               
0000318d  __aeabi_cdcmple               
00003213  __aeabi_cdrcmple              
00003901  __aeabi_d2iz                  
00002333  __aeabi_dadd                  
0000261d  __aeabi_ddiv                  
00002bc9  __aeabi_dmul                  
00002329  __aeabi_dsub                  
00003f55  __aeabi_errno_addr            
00003c6f  __aeabi_i2d                   
00003529  __aeabi_idiv                  
000024df  __aeabi_idiv0                 
00003529  __aeabi_idivmod               
000024df  __aeabi_ldiv0                 
00003313  __aeabi_memclr                
00003313  __aeabi_memclr4               
00003313  __aeabi_memclr8               
00002fcd  __aeabi_memcpy                
00002fcd  __aeabi_memcpy4               
00002fcd  __aeabi_memcpy8               
00003315  __aeabi_memset                
00003315  __aeabi_memset4               
00003315  __aeabi_memset8               
00003069  __aeabi_uldivmod              
ffffffff  __binit__                     
ffffffff  __c_args__                    
UNDEFED   __mpu_init                    
20000270  __stack                       
00003f01  __time32                      
00003b09  _c_int00_noargs               
00003f78  _ctypes_                      
20000880  _lock                         
0000173f  _nop                          
UNDEFED   _system_post_cinit            
00003f6f  _system_pre_init              
20000884  _unlock                       
00003f73  abort                         
20000824  angle1                        
20000828  angle2                        
000037dd  atoi                          
ffffffff  binit                         
2000082c  buzzDelay                     
00003589  buzzerPwmInit                 
00003cd1  buzzerPwmSet                  
00000545  callbackBuzzerPlay            
00000a45  checkPushButton               
20000869  confirm                       
00003e41  copysign                      
00003e41  copysignl                     
20000890  dataArray                     
20000864  dutyCycle                     
200008ac  errno                         
00003465  frexp                         
00003465  frexpl                        
20000000  g_pfnRAMVectors               
00000000  g_pfnVectors                  
20000854  game                          
0000085d  knobCallback                  
00002ab9  ldexp                         
00002ab9  ldexpl                        
00002f53  ledInit                       
00002f31  ledInitForced                 
00002f67  ledTurnOnOff                  
00001a4b  lpInit                        
0000363b  ltoa                          
00000bd1  main                          
00003d71  memccpy                       
00002fcd  memcpy                        
0000331b  memset                        
200008a2  oldValues                     
20000810  parmbuf                       
00003135  pbInit                        
00003101  pbInitForced                  
00003149  pbRead                        
20000868  playEndMusic                  
00003bdd  rand                          
200008a6  randomNum                     
000038b9  rasInit                       
000039d9  rasRead                       
20000830  savedNumber                   
00002ab9  scalbn                        
00002ab9  scalbnl                       
0000186f  schdCallback                  
000018e9  schdExecute                   
000036ed  seg7DigitUpdate               
20000898  seg7Display                   
00001d81  seg7Init                      
00001f0d  seg7Update                    
00003699  seg7_2_DigitUpdate            
00001f7d  seg7_2_Init                   
000020e5  seg7_2_Update                 
00003cf1  srand                         
00003ded  strchr                        
00003e55  strlen                        
2000086a  sysState                      
000017d3  sysTimeGet                    
000017d9  sysTimeReached                
000017ff  sysTimeWait                   
00001823  sysTimeWaitAbsolute           
00003f01  time                          
000006cb  timerDecrement                
2000089d  timer_Display                 
20000860  tivaCFreq                     
20000834  tone                          
00002e05  uartGetChar                   
00002db9  uartInit                      
00002df3  uartPutChar                   
00002e17  uartPutString                 
00002e43  uprintf                       
00003a19  vsnprintf                     
000019ed  waitMs                        
00001a1d  waitUs                        
00003ec3  wcslen                        


GLOBAL SYMBOLS: SORTED BY Symbol Address 

address   name                          
-------   ----                          
00000000  __TI_static_base__            
00000000  g_pfnVectors                  
00000400  __STACK_SIZE                  
00000545  callbackBuzzerPlay            
000006cb  timerDecrement                
0000085d  knobCallback                  
00000a45  checkPushButton               
00000bd1  main                          
00000ce1  __TI_printfi                  
0000173f  _nop                          
000017d3  sysTimeGet                    
000017d9  sysTimeReached                
000017ff  sysTimeWait                   
00001823  sysTimeWaitAbsolute           
0000186f  schdCallback                  
000018e9  schdExecute                   
000019ed  waitMs                        
00001a1d  waitUs                        
00001a4b  lpInit                        
00001d81  seg7Init                      
00001f0d  seg7Update                    
00001f7d  seg7_2_Init                   
000020e5  seg7_2_Update                 
00002329  __aeabi_dsub                  
00002333  __aeabi_dadd                  
000024df  __aeabi_idiv0                 
000024df  __aeabi_ldiv0                 
0000261d  __aeabi_ddiv                  
00002753  GPIOPadConfigSet              
000029a9  SysCtlClockGet                
00002ab9  ldexp                         
00002ab9  ldexpl                        
00002ab9  scalbn                        
00002ab9  scalbnl                       
00002bc9  __aeabi_dmul                  
00002cc5  SysCtlClockSet                
00002db9  uartInit                      
00002df3  uartPutChar                   
00002e05  uartGetChar                   
00002e17  uartPutString                 
00002e43  uprintf                       
00002f31  ledInitForced                 
00002f53  ledInit                       
00002f67  ledTurnOnOff                  
00002fcd  __aeabi_memcpy                
00002fcd  __aeabi_memcpy4               
00002fcd  __aeabi_memcpy8               
00002fcd  memcpy                        
00003069  __aeabi_uldivmod              
00003101  pbInitForced                  
00003135  pbInit                        
00003149  pbRead                        
0000318d  __aeabi_cdcmpeq               
0000318d  __aeabi_cdcmple               
00003213  __aeabi_cdrcmple              
00003299  ADCSequenceStepConfigure      
00003313  __aeabi_memclr                
00003313  __aeabi_memclr4               
00003313  __aeabi_memclr8               
00003315  __aeabi_memset                
00003315  __aeabi_memset4               
00003315  __aeabi_memset8               
0000331b  memset                        
000033fb  __TI_decompress_lzss          
00003465  frexp                         
00003465  frexpl                        
000034c9  TimerConfigure                
00003529  __aeabi_idiv                  
00003529  __aeabi_idivmod               
00003589  buzzerPwmInit                 
0000363b  ltoa                          
00003699  seg7_2_DigitUpdate            
000036ed  seg7DigitUpdate               
0000378b  ADCSequenceConfigure          
000037dd  atoi                          
00003829  GPIOPinConfigure              
00003871  HOSTtime                      
000038b9  rasInit                       
00003901  __aeabi_d2iz                  
00003949  UARTConfigSetExpClk           
00003991  __TI_auto_init_nobinit_nopinit
000039d9  rasRead                       
00003a19  vsnprintf                     
00003a99  SysCtlPeripheralReady         
00003ad1  __TI_writemsg                 
00003aff  C$$IO$$                       
00003b09  _c_int00_noargs               
00003b41  IntRegister                   
00003b75  SysCtlPeripheralEnable        
00003ba9  __TI_readmsg                  
00003bdd  rand                          
00003c41  ADCIntStatus                  
00003c6f  __aeabi_i2d                   
00003c9d  GPIODirModeSet                
00003cd1  buzzerPwmSet                  
00003cf1  srand                         
00003d15  UARTDisable                   
00003d35  ADCSequenceDataGet            
00003d55  SysTickIntRegister            
00003d71  memccpy                       
00003d8d  ADCProcessorTrigger           
00003da5  GPIOPinTypeGPIOOutput         
00003dbd  TimerControlLevel             
00003ded  strchr                        
00003e05  SysTickEnable                 
00003e19  SysTickIntEnable              
00003e2d  UARTEnable                    
00003e41  copysign                      
00003e41  copysignl                     
00003e55  strlen                        
00003e69  GPIOPinTypeGPIOInput          
00003e7b  GPIOPinTypeTimer              
00003e8d  GPIOPinTypeUART               
00003e9f  TimerLoadSet                  
00003eb1  TimerMatchSet                 
00003ec3  wcslen                        
00003ed5  SysTickPeriodSet              
00003ee5  ADCSequenceEnable             
00003ef3  TimerEnable                   
00003f01  __time32                      
00003f01  time                          
00003f0f  __TI_decompress_none          
00003f1d  __TI_zero_init                
00003f29  ResetISR                      
00003f35  ADCIntClear                   
00003f3f  UARTCharGet                   
00003f49  UARTCharPut                   
00003f55  __aeabi_errno_addr            
00003f5d  GPIOPinRead                   
00003f63  GPIOPinWrite                  
00003f69  SysCtlDelay                   
00003f6f  _system_pre_init              
00003f73  C$$EXIT                       
00003f73  abort                         
00003f78  _ctypes_                      
000041d4  __TI_Handler_Table_Base       
000041e0  __TI_Handler_Table_Limit      
000041f0  __TI_CINIT_Base               
00004208  __TI_CINIT_Limit              
20000000  g_pfnRAMVectors               
20000270  __stack                       
20000470  __STACK_TOP                   
20000670  __CIOBUF_                     
20000670  __STACK_END                   
20000810  parmbuf                       
20000824  angle1                        
20000828  angle2                        
2000082c  buzzDelay                     
20000830  savedNumber                   
20000834  tone                          
20000854  game                          
20000860  tivaCFreq                     
20000864  dutyCycle                     
20000868  playEndMusic                  
20000869  confirm                       
2000086a  sysState                      
20000880  _lock                         
20000884  _unlock                       
20000890  dataArray                     
20000898  seg7Display                   
2000089d  timer_Display                 
200008a2  oldValues                     
200008a6  randomNum                     
200008ac  errno                         
ffffffff  __TI_pprof_out_hndl           
ffffffff  __TI_prof_data_size           
ffffffff  __TI_prof_data_start          
ffffffff  __binit__                     
ffffffff  __c_args__                    
ffffffff  binit                         
UNDEFED   __mpu_init                    
UNDEFED   _system_post_cinit            

[172 symbols]
